Archive member included to satisfy reference by file (symbol)

C:\Users\alber\MicroC\Atv7-SemaforoVeiculosPed\sem-foros-de-pedestres-e-ve-culos-cet\.pio\build\frdm_kl25z\zephyr/libzephyr.a(heap.c.o)
                              (--whole-archive)
C:\Users\alber\MicroC\Atv7-SemaforoVeiculosPed\sem-foros-de-pedestres-e-ve-culos-cet\.pio\build\frdm_kl25z\zephyr/libzephyr.a(cbprintf_packaged.c.o)
                              (--whole-archive)
C:\Users\alber\MicroC\Atv7-SemaforoVeiculosPed\sem-foros-de-pedestres-e-ve-culos-cet\.pio\build\frdm_kl25z\zephyr/libzephyr.a(clock.c.o)
                              (--whole-archive)
C:\Users\alber\MicroC\Atv7-SemaforoVeiculosPed\sem-foros-de-pedestres-e-ve-culos-cet\.pio\build\frdm_kl25z\zephyr/libzephyr.a(printk.c.o)
                              (--whole-archive)
C:\Users\alber\MicroC\Atv7-SemaforoVeiculosPed\sem-foros-de-pedestres-e-ve-culos-cet\.pio\build\frdm_kl25z\zephyr/libzephyr.a(sem.c.o)
                              (--whole-archive)
C:\Users\alber\MicroC\Atv7-SemaforoVeiculosPed\sem-foros-de-pedestres-e-ve-culos-cet\.pio\build\frdm_kl25z\zephyr/libzephyr.a(thread_entry.c.o)
                              (--whole-archive)
C:\Users\alber\MicroC\Atv7-SemaforoVeiculosPed\sem-foros-de-pedestres-e-ve-culos-cet\.pio\build\frdm_kl25z\zephyr/libzephyr.a(cbprintf_complete.c.o)
                              (--whole-archive)
C:\Users\alber\MicroC\Atv7-SemaforoVeiculosPed\sem-foros-de-pedestres-e-ve-culos-cet\.pio\build\frdm_kl25z\zephyr/libzephyr.a(assert.c.o)
                              (--whole-archive)
C:\Users\alber\MicroC\Atv7-SemaforoVeiculosPed\sem-foros-de-pedestres-e-ve-culos-cet\.pio\build\frdm_kl25z\zephyr/libzephyr.a(mpsc_pbuf.c.o)
                              (--whole-archive)
C:\Users\alber\MicroC\Atv7-SemaforoVeiculosPed\sem-foros-de-pedestres-e-ve-culos-cet\.pio\build\frdm_kl25z\zephyr/libzephyr.a(dec.c.o)
                              (--whole-archive)
C:\Users\alber\MicroC\Atv7-SemaforoVeiculosPed\sem-foros-de-pedestres-e-ve-culos-cet\.pio\build\frdm_kl25z\zephyr/libzephyr.a(hex.c.o)
                              (--whole-archive)
C:\Users\alber\MicroC\Atv7-SemaforoVeiculosPed\sem-foros-de-pedestres-e-ve-culos-cet\.pio\build\frdm_kl25z\zephyr/libzephyr.a(rb.c.o)
                              (--whole-archive)
C:\Users\alber\MicroC\Atv7-SemaforoVeiculosPed\sem-foros-de-pedestres-e-ve-culos-cet\.pio\build\frdm_kl25z\zephyr/libzephyr.a(timeutil.c.o)
                              (--whole-archive)
C:\Users\alber\MicroC\Atv7-SemaforoVeiculosPed\sem-foros-de-pedestres-e-ve-culos-cet\.pio\build\frdm_kl25z\zephyr/libzephyr.a(bitarray.c.o)
                              (--whole-archive)
C:\Users\alber\MicroC\Atv7-SemaforoVeiculosPed\sem-foros-de-pedestres-e-ve-culos-cet\.pio\build\frdm_kl25z\zephyr/libzephyr.a(ring_buffer.c.o)
                              (--whole-archive)
C:\Users\alber\MicroC\Atv7-SemaforoVeiculosPed\sem-foros-de-pedestres-e-ve-culos-cet\.pio\build\frdm_kl25z\zephyr/libzephyr.a(last_section_id.c.o)
                              (--whole-archive)
C:\Users\alber\MicroC\Atv7-SemaforoVeiculosPed\sem-foros-de-pedestres-e-ve-culos-cet\.pio\build\frdm_kl25z\zephyr/libzephyr.a(configs.c.o)
                              (--whole-archive)
C:\Users\alber\MicroC\Atv7-SemaforoVeiculosPed\sem-foros-de-pedestres-e-ve-culos-cet\.pio\build\frdm_kl25z\zephyr/libzephyr.a(flash_configuration.c.o)
                              (--whole-archive)
C:\Users\alber\MicroC\Atv7-SemaforoVeiculosPed\sem-foros-de-pedestres-e-ve-culos-cet\.pio\build\frdm_kl25z\zephyr/libzephyr.a(soc.c.o)
                              (--whole-archive)
C:\Users\alber\MicroC\Atv7-SemaforoVeiculosPed\sem-foros-de-pedestres-e-ve-culos-cet\.pio\build\frdm_kl25z\zephyr/libzephyr.a(log_core.c.o)
                              (--whole-archive)
C:\Users\alber\MicroC\Atv7-SemaforoVeiculosPed\sem-foros-de-pedestres-e-ve-culos-cet\.pio\build\frdm_kl25z\zephyr/libzephyr.a(log_mgmt.c.o)
                              (--whole-archive)
C:\Users\alber\MicroC\Atv7-SemaforoVeiculosPed\sem-foros-de-pedestres-e-ve-culos-cet\.pio\build\frdm_kl25z\zephyr/libzephyr.a(log_cache.c.o)
                              (--whole-archive)
C:\Users\alber\MicroC\Atv7-SemaforoVeiculosPed\sem-foros-de-pedestres-e-ve-culos-cet\.pio\build\frdm_kl25z\zephyr/libzephyr.a(log_msg.c.o)
                              (--whole-archive)
C:\Users\alber\MicroC\Atv7-SemaforoVeiculosPed\sem-foros-de-pedestres-e-ve-culos-cet\.pio\build\frdm_kl25z\zephyr/libzephyr.a(log_output.c.o)
                              (--whole-archive)
C:\Users\alber\MicroC\Atv7-SemaforoVeiculosPed\sem-foros-de-pedestres-e-ve-culos-cet\.pio\build\frdm_kl25z\zephyr/libzephyr.a(log_backend_uart.c.o)
                              (--whole-archive)
C:\Users\alber\MicroC\Atv7-SemaforoVeiculosPed\sem-foros-de-pedestres-e-ve-culos-cet\.pio\build\frdm_kl25z\zephyr/libzephyr.a(tracing_none.c.o)
                              (--whole-archive)
[...]
Memory Configuration

Name             Origin             Length             Attributes
FLASH            0x0000000000000000 0x0000000000020000 xr
RAM              0x000000001ffff000 0x0000000000004000 xw
IDT_LIST         0x00000000ffff7fff 0x0000000000008000 xw
*default*        0x0000000000000000 0xffffffffffffffff

Linker script and memory map

LOAD .pio\build\frdm_kl25z\zephyr_pre0\zephyr\misc\empty_file.c.o
LOAD .pio\build\frdm_kl25z\src\main.o
LOAD .pio\build\frdm_kl25z\zephyr_final\zephyr\misc\empty_file.c.o
LOAD .pio\build\frdm_kl25z\zephyr_final\zephyr\isr_tables.c.o
LOAD C:\Users\alber\MicroC\Atv7-SemaforoVeiculosPed\sem-foros-de-pedestres-e-ve-culos-cet\.pio\build\frdm_kl25z\zephyr/libzephyr.a
LOAD C:\Users\alber\MicroC\Atv7-SemaforoVeiculosPed\sem-foros-de-pedestres-e-ve-culos-cet\.pio\build\frdm_kl25z\zephyr/arch/common/libarch__common.a
LOAD C:\Users\alber\MicroC\Atv7-SemaforoVeiculosPed\sem-foros-de-pedestres-e-ve-culos-cet\.pio\build\frdm_kl25z\zephyr/arch/arch/arm/core/libarch__arm__core.a
LOAD C:\Users\alber\MicroC\Atv7-SemaforoVeiculosPed\sem-foros-de-pedestres-e-ve-culos-cet\.pio\build\frdm_kl25z\zephyr/arch/arch/arm/core/cortex_m/libarch__arm__core__cortex_m.a
LOAD C:\Users\alber\MicroC\Atv7-SemaforoVeiculosPed\sem-foros-de-pedestres-e-ve-culos-cet\.pio\build\frdm_kl25z\zephyr/lib/libc/picolibc/liblib__libc__picolibc.a
LOAD C:\Users\alber\MicroC\Atv7-SemaforoVeiculosPed\sem-foros-de-pedestres-e-ve-culos-cet\.pio\build\frdm_kl25z\zephyr/lib/libc/common/liblib__libc__common.a
LOAD C:\Users\alber\MicroC\Atv7-SemaforoVeiculosPed\sem-foros-de-pedestres-e-ve-culos-cet\.pio\build\frdm_kl25z\zephyr/drivers/clock_control/libdrivers__clock_control.a
LOAD C:\Users\alber\MicroC\Atv7-SemaforoVeiculosPed\sem-foros-de-pedestres-e-ve-culos-cet\.pio\build\frdm_kl25z\zephyr/drivers/console/libdrivers__console.a
LOAD C:\Users\alber\MicroC\Atv7-SemaforoVeiculosPed\sem-foros-de-pedestres-e-ve-culos-cet\.pio\build\frdm_kl25z\zephyr/drivers/gpio/libdrivers__gpio.a
LOAD C:\Users\alber\MicroC\Atv7-SemaforoVeiculosPed\sem-foros-de-pedestres-e-ve-culos-cet\.pio\build\frdm_kl25z\zephyr/drivers/pinctrl/libdrivers__pinctrl.a
LOAD C:\Users\alber\MicroC\Atv7-SemaforoVeiculosPed\sem-foros-de-pedestres-e-ve-culos-cet\.pio\build\frdm_kl25z\zephyr/drivers/serial/libdrivers__serial.a
LOAD C:\Users\alber\MicroC\Atv7-SemaforoVeiculosPed\sem-foros-de-pedestres-e-ve-culos-cet\.pio\build\frdm_kl25z\zephyr/drivers/timer/libdrivers__timer.a
LOAD C:\Users\alber\MicroC\Atv7-SemaforoVeiculosPed\sem-foros-de-pedestres-e-ve-culos-cet\.pio\build\frdm_kl25z\modules/_bare_module/lib_pio___bare_module.a
LOAD C:\Users\alber\MicroC\Atv7-SemaforoVeiculosPed\sem-foros-de-pedestres-e-ve-culos-cet\.pio\build\frdm_kl25z\modules/hal_nxp/libmodules__hal_nxp.a
LOAD C:\Users\alber\MicroC\Atv7-SemaforoVeiculosPed\sem-foros-de-pedestres-e-ve-culos-cet\.pio\build\frdm_kl25z\zephyr\liboffsets.a
LOAD C:\Users\alber\MicroC\Atv7-SemaforoVeiculosPed\sem-foros-de-pedestres-e-ve-culos-cet\.pio\build\frdm_kl25z\zephyr/kernel/libkernel.a
LOAD C:\Users\alber\MicroC\Atv7-SemaforoVeiculosPed\sem-foros-de-pedestres-e-ve-culos-cet\.pio\build\frdm_kl25z\zephyr/arch/common/libisr_tables.a
LOAD C:\Users\alber\MicroC\Atv7-SemaforoVeiculosPed\sem-foros-de-pedestres-e-ve-culos-cet\.pio\build\frdm_kl25z\modules\picolibc\libc.a
LOAD c:/users/alber/.platformio/packages/toolchain-gccarmnoneeabi/bin/../lib/gcc/arm-none-eabi/8.2.1/thumb/v6-m/nofp\libgcc.a
                0x0000000000000004                _region_min_align = 0x4

.rel.plt        0x0000000000000000        0x0
 *(SORT_BY_ALIGNMENT(.rel.plt))
                [!provide]                        PROVIDE (__rel_iplt_start = .)
 *(SORT_BY_ALIGNMENT(.rel.iplt))
 .rel.iplt      0x0000000000000000        0x0 .pio\build\frdm_kl25z\src\main.o
                [!provide]                        PROVIDE (__rel_iplt_end = .)

.rela.plt       0x0000000000000000        0x0
 *(SORT_BY_ALIGNMENT(.rela.plt))
                [!provide]                        PROVIDE (__rela_iplt_start = .)
 *(SORT_BY_ALIGNMENT(.rela.iplt))
                [!provide]                        PROVIDE (__rela_iplt_end = .)

.rel.dyn
 *(SORT_BY_ALIGNMENT(.rel.*))

.rela.dyn
 *(SORT_BY_ALIGNMENT(.rela.*))

/DISCARD/
 *(SORT_BY_ALIGNMENT(.plt))
 *(SORT_BY_ALIGNMENT(.iplt))
 *(SORT_BY_ALIGNMENT(.eh_frame))
 *(SORT_BY_ALIGNMENT(.got.plt))
 *(SORT_BY_ALIGNMENT(.igot.plt))
 *(SORT_BY_ALIGNMENT(.got))
 *(SORT_BY_ALIGNMENT(.igot))
 *(SORT_BY_ALIGNMENT(.irq_info*))
 *(SORT_BY_ALIGNMENT(.intList*))
 *(SORT_BY_ALIGNMENT(.note.GNU-stack))
                0x0000000000000000                __rom_region_start = 0x0

rom_start       0x0000000000000000      0x410
                0x0000000000000000                __rom_start_address = .
 FILL mask 0x00
                0x0000000000000000                . = (. + (0x0 - (. - __rom_start_address)))
                0x0000000000000000                . = ALIGN (0x4)
                0x0000000000000000                . = ALIGN (0x100)
                0x0000000000000000                . = ALIGN (0x100)
                0x0000000000000000                _vector_start = .
 *(SORT_BY_ALIGNMENT(.exc_vector_table))
 *(SORT_BY_ALIGNMENT(.exc_vector_table.*))
 .exc_vector_table._vector_table_section
                0x0000000000000000       0x40 C:\Users\alber\MicroC\Atv7-SemaforoVeiculosPed\sem-foros-de-pedestres-e-ve-culos-cet\.pio\build\frdm_kl25z\zephyr/arch/arch/arm/core/cortex_m/libarch__arm__core__cortex_m.a(vector_table.S.o)
                0x0000000000000000                _vector_table
 *(SORT_BY_ALIGNMENT(.vectors))
                0x0000000000000040                _vector_end = .
                0x0000000000000040                . = ALIGN (0x4)
 *(SORT_BY_ALIGNMENT(.gnu.linkonce.irq_vector_table*))
 .gnu.linkonce.irq_vector_table
                0x0000000000000040       0x80 .pio\build\frdm_kl25z\zephyr_final\zephyr\isr_tables.c.o
                0x0000000000000040                _irq_vector_table
                0x00000000000000c0                _vector_end = .
                0x0000000000000400                . = 0x400
 *fill*         0x00000000000000c0      0x340 00
 *(SORT_BY_ALIGNMENT(.kinetis_flash_config))
 *(SORT_BY_ALIGNMENT(.kinetis_flash_config.*))
 .kinetis_flash_config."ZEPHYR_BASE\\soc\\nxp\\kinetis\\flash_configuration.c".0
                0x0000000000000400       0x10 C:\Users\alber\MicroC\Atv7-SemaforoVeiculosPed\sem-foros-de-pedestres-e-ve-culos-cet\.pio\build\frdm_kl25z\zephyr/libzephyr.a(flash_configuration.c.o)
                0x0000000000000400                __kinetis_flash_config

text            0x0000000000000410     0x5660
                0x0000000000000410                __text_region_start = .
 *(SORT_BY_ALIGNMENT(.text))
 .text          0x0000000000000410       0x14 c:/users/alber/.platformio/packages/toolchain-gccarmnoneeabi/bin/../lib/gcc/arm-none-eabi/8.2.1/thumb/v6-m/nofp\libgcc.a(_thumb1_case_uqi.o)
                0x0000000000000410                __gnu_thumb1_case_uqi
 .text          0x0000000000000424      0x114 c:/users/alber/.platformio/packages/toolchain-gccarmnoneeabi/bin/../lib/gcc/arm-none-eabi/8.2.1/thumb/v6-m/nofp\libgcc.a(_udivsi3.o)
                0x0000000000000424                __aeabi_uidiv
                0x0000000000000424                __udivsi3
                0x0000000000000530                __aeabi_uidivmod
 .text          0x0000000000000538        0x4 c:/users/alber/.platformio/packages/toolchain-gccarmnoneeabi/bin/../lib/gcc/arm-none-eabi/8.2.1/thumb/v6-m/nofp\libgcc.a(_dvmd_tls.o)
                0x0000000000000538                __aeabi_idiv0
                0x0000000000000538                __aeabi_ldiv0
 .text          0x000000000000053c       0x3c c:/users/alber/.platformio/packages/toolchain-gccarmnoneeabi/bin/../lib/gcc/arm-none-eabi/8.2.1/thumb/v6-m/nofp\libgcc.a(_clzsi2.o)
                0x000000000000053c                __clzsi2
 .text          0x0000000000000578       0x40 c:/users/alber/.platformio/packages/toolchain-gccarmnoneeabi/bin/../lib/gcc/arm-none-eabi/8.2.1/thumb/v6-m/nofp\libgcc.a(_ctzsi2.o)
                0x0000000000000578                __ctzsi2
 .text          0x00000000000005b8       0x48 c:/users/alber/.platformio/packages/toolchain-gccarmnoneeabi/bin/../lib/gcc/arm-none-eabi/8.2.1/thumb/v6-m/nofp\libgcc.a(_aeabi_ldivmod.o)
                0x00000000000005b8                __aeabi_ldivmod
 .text          0x0000000000000600       0x40 c:/users/alber/.platformio/packages/toolchain-gccarmnoneeabi/bin/../lib/gcc/arm-none-eabi/8.2.1/thumb/v6-m/nofp\libgcc.a(_aeabi_uldivmod.o)
                0x0000000000000600                __aeabi_uldivmod
 .text          0x0000000000000640       0x18 c:/users/alber/.platformio/packages/toolchain-gccarmnoneeabi/bin/../lib/gcc/arm-none-eabi/8.2.1/thumb/v6-m/nofp\libgcc.a(_clzdi2.o)
                0x0000000000000640                __clzdi2
 .text          0x0000000000000658        0xe C:\Users\alber\MicroC\Atv7-SemaforoVeiculosPed\sem-foros-de-pedestres-e-ve-culos-cet\.pio\build\frdm_kl25z\modules\picolibc\libc.a(strlen.S.o)
                0x0000000000000658                strlen
 *(SORT_BY_ALIGNMENT(.text.*))
 *fill*         0x0000000000000666        0x2 
 .text.gpio_pin_configure_dt
                0x0000000000000668       0x50 .pio\build\frdm_kl25z\src\main.o
 .text.gpio_add_callback.constprop.4
                0x00000000000006b8       0x20 .pio\build\frdm_kl25z\src\main.o
 .text.buttonNightMode_isr
                0x00000000000006d8      0x110 .pio\build\frdm_kl25z\src\main.o
                0x00000000000006d8                buttonNightMode_isr
 .text.yellow_thread
                0x00000000000007e8       0x9c .pio\build\frdm_kl25z\src\main.o
                0x00000000000007e8                yellow_thread
 .text.green_thread
                0x0000000000000884       0x50 .pio\build\frdm_kl25z\src\main.o
                0x0000000000000884                green_thread
 .text.red_thread
                0x00000000000008d4       0xc0 .pio\build\frdm_kl25z\src\main.o
                0x00000000000008d4                red_thread
 .text.buttonPedestrian_isr.part.0
                0x0000000000000994       0x70 .pio\build\frdm_kl25z\src\main.o
 .text.buttonPedestrian_isr
                0x0000000000000a04       0x54 .pio\build\frdm_kl25z\src\main.o
                0x0000000000000a04                buttonPedestrian_isr
 .text.main     0x0000000000000a58      0x2d8 .pio\build\frdm_kl25z\src\main.o
                0x0000000000000a58                main
 .text.cbvprintf_package
                0x0000000000000d30      0x368 C:\Users\alber\MicroC\Atv7-SemaforoVeiculosPed\sem-foros-de-pedestres-e-ve-culos-cet\.pio\build\frdm_kl25z\zephyr/libzephyr.a(cbprintf_packaged.c.o)
                0x0000000000000d30                cbvprintf_package
 .text.cbprintf_package_convert
                0x0000000000001098      0x428 C:\Users\alber\MicroC\Atv7-SemaforoVeiculosPed\sem-foros-de-pedestres-e-ve-culos-cet\.pio\build\frdm_kl25z\zephyr/libzephyr.a(cbprintf_packaged.c.o)
                0x0000000000001098                cbprintf_package_convert
 .text.__printk_hook_install
                0x00000000000014c0        0xc C:\Users\alber\MicroC\Atv7-SemaforoVeiculosPed\sem-foros-de-pedestres-e-ve-culos-cet\.pio\build\frdm_kl25z\zephyr/libzephyr.a(printk.c.o)
                0x00000000000014c0                __printk_hook_install
 .text.clock_init
                0x00000000000014cc       0x84 C:\Users\alber\MicroC\Atv7-SemaforoVeiculosPed\sem-foros-de-pedestres-e-ve-culos-cet\.pio\build\frdm_kl25z\zephyr/libzephyr.a(soc.c.o)
                0x00000000000014cc                clock_init
 .text.enable_logger
                0x0000000000001550       0x5c C:\Users\alber\MicroC\Atv7-SemaforoVeiculosPed\sem-foros-de-pedestres-e-ve-culos-cet\.pio\build\frdm_kl25z\zephyr/libzephyr.a(log_core.c.o)
 .text.log_process_thread_timer_expiry_fn
                0x00000000000015ac       0x10 C:\Users\alber\MicroC\Atv7-SemaforoVeiculosPed\sem-foros-de-pedestres-e-ve-culos-cet\.pio\build\frdm_kl25z\zephyr/libzephyr.a(log_core.c.o)
 .text.activate_foreach_backend
                0x00000000000015bc       0x58 C:\Users\alber\MicroC\Atv7-SemaforoVeiculosPed\sem-foros-de-pedestres-e-ve-culos-cet\.pio\build\frdm_kl25z\zephyr/libzephyr.a(log_core.c.o)
 .text.z_log_init
                0x0000000000001614       0x94 C:\Users\alber\MicroC\Atv7-SemaforoVeiculosPed\sem-foros-de-pedestres-e-ve-culos-cet\.pio\build\frdm_kl25z\zephyr/libzephyr.a(log_core.c.o)
 .text.log_format_func_t_get
                0x00000000000016a8        0xc C:\Users\alber\MicroC\Atv7-SemaforoVeiculosPed\sem-foros-de-pedestres-e-ve-culos-cet\.pio\build\frdm_kl25z\zephyr/libzephyr.a(log_core.c.o)
                0x00000000000016a8                log_format_func_t_get
 .text.log_set_timestamp_func
                0x00000000000016b4       0x20 C:\Users\alber\MicroC\Atv7-SemaforoVeiculosPed\sem-foros-de-pedestres-e-ve-culos-cet\.pio\build\frdm_kl25z\zephyr/libzephyr.a(log_core.c.o)
                0x00000000000016b4                log_set_timestamp_func
 .text.z_log_notify_backend_enabled
                0x00000000000016d4       0x20 C:\Users\alber\MicroC\Atv7-SemaforoVeiculosPed\sem-foros-de-pedestres-e-ve-culos-cet\.pio\build\frdm_kl25z\zephyr/libzephyr.a(log_core.c.o)
                0x00000000000016d4                z_log_notify_backend_enabled
 .text.z_log_dropped
                0x00000000000016f4       0x34 C:\Users\alber\MicroC\Atv7-SemaforoVeiculosPed\sem-foros-de-pedestres-e-ve-culos-cet\.pio\build\frdm_kl25z\zephyr/libzephyr.a(log_core.c.o)
                0x00000000000016f4                z_log_dropped
 .text.z_log_dropped_read_and_clear
                0x0000000000001728       0x10 C:\Users\alber\MicroC\Atv7-SemaforoVeiculosPed\sem-foros-de-pedestres-e-ve-culos-cet\.pio\build\frdm_kl25z\zephyr/libzephyr.a(log_core.c.o)
                0x0000000000001728                z_log_dropped_read_and_clear
 .text.dropped_notify
                0x0000000000001738       0x34 C:\Users\alber\MicroC\Atv7-SemaforoVeiculosPed\sem-foros-de-pedestres-e-ve-culos-cet\.pio\build\frdm_kl25z\zephyr/libzephyr.a(log_core.c.o)
                0x0000000000001738                dropped_notify
 .text.z_log_msg_init
                0x000000000000176c       0x20 C:\Users\alber\MicroC\Atv7-SemaforoVeiculosPed\sem-foros-de-pedestres-e-ve-culos-cet\.pio\build\frdm_kl25z\zephyr/libzephyr.a(log_core.c.o)
                0x000000000000176c                z_log_msg_init
 .text.log_core_init
                0x000000000000178c       0x50 C:\Users\alber\MicroC\Atv7-SemaforoVeiculosPed\sem-foros-de-pedestres-e-ve-culos-cet\.pio\build\frdm_kl25z\zephyr/libzephyr.a(log_core.c.o)
                0x000000000000178c                log_core_init
 .text.z_log_msg_alloc
                0x00000000000017dc       0x14 C:\Users\alber\MicroC\Atv7-SemaforoVeiculosPed\sem-foros-de-pedestres-e-ve-culos-cet\.pio\build\frdm_kl25z\zephyr/libzephyr.a(log_core.c.o)
                0x00000000000017dc                z_log_msg_alloc
 .text.z_log_msg_local_claim
                0x00000000000017f0       0x10 C:\Users\alber\MicroC\Atv7-SemaforoVeiculosPed\sem-foros-de-pedestres-e-ve-culos-cet\.pio\build\frdm_kl25z\zephyr/libzephyr.a(log_core.c.o)
                0x00000000000017f0                z_log_msg_local_claim
 .text.z_log_msg_free
                0x0000000000001800       0x14 C:\Users\alber\MicroC\Atv7-SemaforoVeiculosPed\sem-foros-de-pedestres-e-ve-culos-cet\.pio\build\frdm_kl25z\zephyr/libzephyr.a(log_core.c.o)
                0x0000000000001800                z_log_msg_free
 .text.z_log_msg_pending
                0x0000000000001814       0x10 C:\Users\alber\MicroC\Atv7-SemaforoVeiculosPed\sem-foros-de-pedestres-e-ve-culos-cet\.pio\build\frdm_kl25z\zephyr/libzephyr.a(log_core.c.o)
                0x0000000000001814                z_log_msg_pending
 .text.z_impl_log_process
                0x0000000000001824       0x9c C:\Users\alber\MicroC\Atv7-SemaforoVeiculosPed\sem-foros-de-pedestres-e-ve-culos-cet\.pio\build\frdm_kl25z\zephyr/libzephyr.a(log_core.c.o)
                0x0000000000001824                z_impl_log_process
 .text.z_log_msg_post_finalize
                0x00000000000018c0       0x70 C:\Users\alber\MicroC\Atv7-SemaforoVeiculosPed\sem-foros-de-pedestres-e-ve-culos-cet\.pio\build\frdm_kl25z\zephyr/libzephyr.a(log_core.c.o)
 .text.z_log_msg_commit
                0x0000000000001930       0x24 C:\Users\alber\MicroC\Atv7-SemaforoVeiculosPed\sem-foros-de-pedestres-e-ve-culos-cet\.pio\build\frdm_kl25z\zephyr/libzephyr.a(log_core.c.o)
                0x0000000000001930                z_log_msg_commit
 .text.z_impl_log_panic
                0x0000000000001954       0x48 C:\Users\alber\MicroC\Atv7-SemaforoVeiculosPed\sem-foros-de-pedestres-e-ve-culos-cet\.pio\build\frdm_kl25z\zephyr/libzephyr.a(log_core.c.o)
                0x0000000000001954                z_impl_log_panic
 .text.log_process_thread_func
                0x000000000000199c       0x9c C:\Users\alber\MicroC\Atv7-SemaforoVeiculosPed\sem-foros-de-pedestres-e-ve-culos-cet\.pio\build\frdm_kl25z\zephyr/libzephyr.a(log_core.c.o)
 .text.log_source_name_get
                0x0000000000001a38       0x1c C:\Users\alber\MicroC\Atv7-SemaforoVeiculosPed\sem-foros-de-pedestres-e-ve-culos-cet\.pio\build\frdm_kl25z\zephyr/libzephyr.a(log_mgmt.c.o)
                0x0000000000001a38                log_source_name_get
 .text.z_impl_z_log_msg_static_create
                0x0000000000001a54      0x128 C:\Users\alber\MicroC\Atv7-SemaforoVeiculosPed\sem-foros-de-pedestres-e-ve-culos-cet\.pio\build\frdm_kl25z\zephyr/libzephyr.a(log_msg.c.o)
                0x0000000000001a54                z_impl_z_log_msg_static_create
 .text.z_log_msg_runtime_vcreate
                0x0000000000001b7c       0x98 C:\Users\alber\MicroC\Atv7-SemaforoVeiculosPed\sem-foros-de-pedestres-e-ve-culos-cet\.pio\build\frdm_kl25z\zephyr/libzephyr.a(log_msg.c.o)
                0x0000000000001b7c                z_log_msg_runtime_vcreate
 .text.log_msg_get_source_id
                0x0000000000001c14       0x1c C:\Users\alber\MicroC\Atv7-SemaforoVeiculosPed\sem-foros-de-pedestres-e-ve-culos-cet\.pio\build\frdm_kl25z\zephyr/libzephyr.a(log_msg.c.o)
                0x0000000000001c14                log_msg_get_source_id
 .text.print_formatted
                0x0000000000001c30       0x20 C:\Users\alber\MicroC\Atv7-SemaforoVeiculosPed\sem-foros-de-pedestres-e-ve-culos-cet\.pio\build\frdm_kl25z\zephyr/libzephyr.a(log_output.c.o)
 .text.log_output_process
                0x0000000000001c50      0x2c8 C:\Users\alber\MicroC\Atv7-SemaforoVeiculosPed\sem-foros-de-pedestres-e-ve-culos-cet\.pio\build\frdm_kl25z\zephyr/libzephyr.a(log_output.c.o)
                0x0000000000001c50                log_output_process
 .text.log_output_dropped_process
                0x0000000000001f18       0x58 C:\Users\alber\MicroC\Atv7-SemaforoVeiculosPed\sem-foros-de-pedestres-e-ve-culos-cet\.pio\build\frdm_kl25z\zephyr/libzephyr.a(log_output.c.o)
                0x0000000000001f18                log_output_dropped_process
 .text.log_output_timestamp_freq_set
                0x0000000000001f70       0x34 C:\Users\alber\MicroC\Atv7-SemaforoVeiculosPed\sem-foros-de-pedestres-e-ve-culos-cet\.pio\build\frdm_kl25z\zephyr/libzephyr.a(log_output.c.o)
                0x0000000000001f70                log_output_timestamp_freq_set
 .text.char_out
                0x0000000000001fa4       0x24 C:\Users\alber\MicroC\Atv7-SemaforoVeiculosPed\sem-foros-de-pedestres-e-ve-culos-cet\.pio\build\frdm_kl25z\zephyr/libzephyr.a(log_backend_uart.c.o)
 .text.z_arm_fatal_error
                0x0000000000001fc8       0xbc C:\Users\alber\MicroC\Atv7-SemaforoVeiculosPed\sem-foros-de-pedestres-e-ve-culos-cet\.pio\build\frdm_kl25z\zephyr/arch/arch/arm/core/libarch__arm__core.a(fatal.c.o)
                0x0000000000001fc8                z_arm_fatal_error
 .text.z_SysNmiOnReset
                0x0000000000002084        0x4 C:\Users\alber\MicroC\Atv7-SemaforoVeiculosPed\sem-foros-de-pedestres-e-ve-culos-cet\.pio\build\frdm_kl25z\zephyr/arch/arch/arm/core/libarch__arm__core.a(nmi_on_reset.S.o)
                0x0000000000002084                z_SysNmiOnReset
 .text._HandlerModeExit
                0x0000000000002088       0x20 C:\Users\alber\MicroC\Atv7-SemaforoVeiculosPed\sem-foros-de-pedestres-e-ve-culos-cet\.pio\build\frdm_kl25z\zephyr/arch/arch/arm/core/cortex_m/libarch__arm__core__cortex_m.a(exc_exit.c.o)
                0x0000000000002088                z_arm_int_exit
                0x0000000000002088                z_arm_exc_exit
 .text.z_arm_fault
                0x00000000000020a8      0x144 C:\Users\alber\MicroC\Atv7-SemaforoVeiculosPed\sem-foros-de-pedestres-e-ve-culos-cet\.pio\build\frdm_kl25z\zephyr/arch/arch/arm/core/cortex_m/libarch__arm__core__cortex_m.a(fault.c.o)
                0x00000000000020a8                z_arm_fault
 .text.z_arm_fault_init
                0x00000000000021ec       0x10 C:\Users\alber\MicroC\Atv7-SemaforoVeiculosPed\sem-foros-de-pedestres-e-ve-culos-cet\.pio\build\frdm_kl25z\zephyr/arch/arch/arm/core/cortex_m/libarch__arm__core__cortex_m.a(fault.c.o)
                0x00000000000021ec                z_arm_fault_init
 .text.__fault  0x00000000000021fc       0x14 C:\Users\alber\MicroC\Atv7-SemaforoVeiculosPed\sem-foros-de-pedestres-e-ve-culos-cet\.pio\build\frdm_kl25z\zephyr/arch/arch/arm/core/cortex_m/libarch__arm__core__cortex_m.a(fault_s.S.o)
                0x00000000000021fc                z_arm_hard_fault
                0x00000000000021fc                z_arm_exc_spurious
 .text._reset_section
                0x0000000000002210       0x38 C:\Users\alber\MicroC\Atv7-SemaforoVeiculosPed\sem-foros-de-pedestres-e-ve-culos-cet\.pio\build\frdm_kl25z\zephyr/arch/arch/arm/core/cortex_m/libarch__arm__core__cortex_m.a(reset.S.o)
                0x0000000000002210                __start
                0x0000000000002210                z_arm_reset
 .text.z_impl_k_thread_abort
                0x0000000000002248       0x38 C:\Users\alber\MicroC\Atv7-SemaforoVeiculosPed\sem-foros-de-pedestres-e-ve-culos-cet\.pio\build\frdm_kl25z\zephyr/arch/arch/arm/core/cortex_m/libarch__arm__core__cortex_m.a(thread_abort.c.o)
                0x0000000000002248                z_impl_k_thread_abort
 .text.z_arm_pendsv
                0x0000000000002280       0x60 C:\Users\alber\MicroC\Atv7-SemaforoVeiculosPed\sem-foros-de-pedestres-e-ve-culos-cet\.pio\build\frdm_kl25z\zephyr/arch/arch/arm/core/cortex_m/libarch__arm__core__cortex_m.a(swap_helper.S.o)
                0x0000000000002280                z_arm_pendsv
 .text.z_arm_svc
                0x00000000000022e0       0x28 C:\Users\alber\MicroC\Atv7-SemaforoVeiculosPed\sem-foros-de-pedestres-e-ve-culos-cet\.pio\build\frdm_kl25z\zephyr/arch/arch/arm/core/cortex_m/libarch__arm__core__cortex_m.a(swap_helper.S.o)
                0x00000000000022e0                z_arm_svc
 .text.arm_irq_enable
                0x0000000000002308       0x18 C:\Users\alber\MicroC\Atv7-SemaforoVeiculosPed\sem-foros-de-pedestres-e-ve-culos-cet\.pio\build\frdm_kl25z\zephyr/arch/arch/arm/core/cortex_m/libarch__arm__core__cortex_m.a(irq_manage.c.o)
                0x0000000000002308                arm_irq_enable
 .text.arm_irq_priority_set
                0x0000000000002320       0x54 C:\Users\alber\MicroC\Atv7-SemaforoVeiculosPed\sem-foros-de-pedestres-e-ve-culos-cet\.pio\build\frdm_kl25z\zephyr/arch/arch/arm/core/cortex_m/libarch__arm__core__cortex_m.a(irq_manage.c.o)
                0x0000000000002320                arm_irq_priority_set
 .text.relocate_vector_table
                0x0000000000002374       0x1c C:\Users\alber\MicroC\Atv7-SemaforoVeiculosPed\sem-foros-de-pedestres-e-ve-culos-cet\.pio\build\frdm_kl25z\zephyr/arch/arch/arm/core/cortex_m/libarch__arm__core__cortex_m.a(prep_c.c.o)
                0x0000000000002374                relocate_vector_table
 .text.arch_new_thread
                0x0000000000002390       0x2c C:\Users\alber\MicroC\Atv7-SemaforoVeiculosPed\sem-foros-de-pedestres-e-ve-culos-cet\.pio\build\frdm_kl25z\zephyr/arch/arch/arm/core/cortex_m/libarch__arm__core__cortex_m.a(thread.c.o)
                0x0000000000002390                arch_new_thread
 .text.arch_switch_to_main_thread
                0x00000000000023bc       0x34 C:\Users\alber\MicroC\Atv7-SemaforoVeiculosPed\sem-foros-de-pedestres-e-ve-culos-cet\.pio\build\frdm_kl25z\zephyr/arch/arch/arm/core/cortex_m/libarch__arm__core__cortex_m.a(thread.c.o)
                0x00000000000023bc                arch_switch_to_main_thread
 .text.z_arm_cpu_idle_init
                0x00000000000023f0        0xc C:\Users\alber\MicroC\Atv7-SemaforoVeiculosPed\sem-foros-de-pedestres-e-ve-culos-cet\.pio\build\frdm_kl25z\zephyr/arch/arch/arm/core/cortex_m/libarch__arm__core__cortex_m.a(cpu_idle.c.o)
                0x00000000000023f0                z_arm_cpu_idle_init
 .text.z_arm_interrupt_init
                0x00000000000023fc       0x30 C:\Users\alber\MicroC\Atv7-SemaforoVeiculosPed\sem-foros-de-pedestres-e-ve-culos-cet\.pio\build\frdm_kl25z\zephyr/arch/arch/arm/core/cortex_m/libarch__arm__core__cortex_m.a(irq_init.c.o)
                0x00000000000023fc                z_arm_interrupt_init
 .text._isr_wrapper
                0x000000000000242c       0x20 C:\Users\alber\MicroC\Atv7-SemaforoVeiculosPed\sem-foros-de-pedestres-e-ve-culos-cet\.pio\build\frdm_kl25z\zephyr/arch/arch/arm/core/cortex_m/libarch__arm__core__cortex_m.a(isr_wrapper.c.o)
                0x000000000000242c                _isr_wrapper
 .text.cbvprintf
                0x000000000000244c       0x38 C:\Users\alber\MicroC\Atv7-SemaforoVeiculosPed\sem-foros-de-pedestres-e-ve-culos-cet\.pio\build\frdm_kl25z\zephyr/lib/libc/picolibc/liblib__libc__picolibc.a(cbprintf.c.o)
                0x000000000000244c                cbvprintf
 .text.z_impl_zephyr_fputc
                0x0000000000002484       0x10 C:\Users\alber\MicroC\Atv7-SemaforoVeiculosPed\sem-foros-de-pedestres-e-ve-culos-cet\.pio\build\frdm_kl25z\zephyr/lib/libc/picolibc/liblib__libc__picolibc.a(stdio.c.o)
                0x0000000000002484                z_impl_zephyr_fputc
 .text.__stdout_hook_install
                0x0000000000002494       0x18 C:\Users\alber\MicroC\Atv7-SemaforoVeiculosPed\sem-foros-de-pedestres-e-ve-culos-cet\.pio\build\frdm_kl25z\zephyr/lib/libc/picolibc/liblib__libc__picolibc.a(stdio.c.o)
                0x0000000000002494                __stdout_hook_install
 .text.malloc_prepare
                0x00000000000024ac       0x24 C:\Users\alber\MicroC\Atv7-SemaforoVeiculosPed\sem-foros-de-pedestres-e-ve-culos-cet\.pio\build\frdm_kl25z\zephyr/lib/libc/common/liblib__libc__common.a(malloc.c.o)
 .text.mcux_mcg_get_rate.part.0
                0x00000000000024d0       0x1c C:\Users\alber\MicroC\Atv7-SemaforoVeiculosPed\sem-foros-de-pedestres-e-ve-culos-cet\.pio\build\frdm_kl25z\zephyr/drivers/clock_control/libdrivers__clock_control.a(clock_control_mcux_mcg.c.o)
 .text.mcux_sim_on
                0x00000000000024ec       0x1c C:\Users\alber\MicroC\Atv7-SemaforoVeiculosPed\sem-foros-de-pedestres-e-ve-culos-cet\.pio\build\frdm_kl25z\zephyr/drivers/clock_control/libdrivers__clock_control.a(clock_control_mcux_sim.c.o)
 .text.mcux_sim_off
                0x0000000000002508       0x1c C:\Users\alber\MicroC\Atv7-SemaforoVeiculosPed\sem-foros-de-pedestres-e-ve-culos-cet\.pio\build\frdm_kl25z\zephyr/drivers/clock_control/libdrivers__clock_control.a(clock_control_mcux_sim.c.o)
 .text.mcux_sim_get_subsys_rate
                0x0000000000002524       0x30 C:\Users\alber\MicroC\Atv7-SemaforoVeiculosPed\sem-foros-de-pedestres-e-ve-culos-cet\.pio\build\frdm_kl25z\zephyr/drivers/clock_control/libdrivers__clock_control.a(clock_control_mcux_sim.c.o)
 .text.uart_console_init
                0x0000000000002554       0x2c C:\Users\alber\MicroC\Atv7-SemaforoVeiculosPed\sem-foros-de-pedestres-e-ve-culos-cet\.pio\build\frdm_kl25z\zephyr/drivers/console/libdrivers__console.a(uart_console.c.o)
 .text.console_out
                0x0000000000002580       0x28 C:\Users\alber\MicroC\Atv7-SemaforoVeiculosPed\sem-foros-de-pedestres-e-ve-culos-cet\.pio\build\frdm_kl25z\zephyr/drivers/console/libdrivers__console.a(uart_console.c.o)
 .text.gpio_mcux_port_configure
                0x00000000000025a8       0xa0 C:\Users\alber\MicroC\Atv7-SemaforoVeiculosPed\sem-foros-de-pedestres-e-ve-culos-cet\.pio\build\frdm_kl25z\zephyr/drivers/gpio/libdrivers__gpio.a(gpio_mcux.c.o)
 .text.gpio_mcux_pin_interrupt_configure
                0x0000000000002648       0x88 C:\Users\alber\MicroC\Atv7-SemaforoVeiculosPed\sem-foros-de-pedestres-e-ve-culos-cet\.pio\build\frdm_kl25z\zephyr/drivers/gpio/libdrivers__gpio.a(gpio_mcux.c.o)
 .text.pinctrl_mcux_init.part.0
                0x00000000000026d0       0x1c C:\Users\alber\MicroC\Atv7-SemaforoVeiculosPed\sem-foros-de-pedestres-e-ve-culos-cet\.pio\build\frdm_kl25z\zephyr/drivers/pinctrl/libdrivers__pinctrl.a(pinctrl_nxp_port.c.o)
 .text.pinctrl_mcux_init
                0x00000000000026ec       0x44 C:\Users\alber\MicroC\Atv7-SemaforoVeiculosPed\sem-foros-de-pedestres-e-ve-culos-cet\.pio\build\frdm_kl25z\zephyr/drivers/pinctrl/libdrivers__pinctrl.a(pinctrl_nxp_port.c.o)
 .text.pinctrl_configure_pins
                0x0000000000002730       0x44 C:\Users\alber\MicroC\Atv7-SemaforoVeiculosPed\sem-foros-de-pedestres-e-ve-culos-cet\.pio\build\frdm_kl25z\zephyr/drivers/pinctrl/libdrivers__pinctrl.a(pinctrl_nxp_port.c.o)
                0x0000000000002730                pinctrl_configure_pins
 .text.elapsed  0x0000000000002774       0x40 C:\Users\alber\MicroC\Atv7-SemaforoVeiculosPed\sem-foros-de-pedestres-e-ve-culos-cet\.pio\build\frdm_kl25z\zephyr/drivers/timer/libdrivers__timer.a(cortex_m_systick.c.o)
 .text.sys_clock_driver_init
                0x00000000000027b4       0x40 C:\Users\alber\MicroC\Atv7-SemaforoVeiculosPed\sem-foros-de-pedestres-e-ve-culos-cet\.pio\build\frdm_kl25z\zephyr/drivers/timer/libdrivers__timer.a(cortex_m_systick.c.o)
 .text.sys_clock_isr
                0x00000000000027f4       0x44 C:\Users\alber\MicroC\Atv7-SemaforoVeiculosPed\sem-foros-de-pedestres-e-ve-culos-cet\.pio\build\frdm_kl25z\zephyr/drivers/timer/libdrivers__timer.a(cortex_m_systick.c.o)
                0x00000000000027f4                sys_clock_isr
 .text.sys_clock_set_timeout
                0x0000000000002838       0xf8 C:\Users\alber\MicroC\Atv7-SemaforoVeiculosPed\sem-foros-de-pedestres-e-ve-culos-cet\.pio\build\frdm_kl25z\zephyr/drivers/timer/libdrivers__timer.a(cortex_m_systick.c.o)
                0x0000000000002838                sys_clock_set_timeout
 .text.sys_clock_elapsed
                0x0000000000002930       0x34 C:\Users\alber\MicroC\Atv7-SemaforoVeiculosPed\sem-foros-de-pedestres-e-ve-culos-cet\.pio\build\frdm_kl25z\zephyr/drivers/timer/libdrivers__timer.a(cortex_m_systick.c.o)
                0x0000000000002930                sys_clock_elapsed
 .text.sys_clock_cycle_get_32
                0x0000000000002964       0x24 C:\Users\alber\MicroC\Atv7-SemaforoVeiculosPed\sem-foros-de-pedestres-e-ve-culos-cet\.pio\build\frdm_kl25z\zephyr/drivers/timer/libdrivers__timer.a(cortex_m_systick.c.o)
                0x0000000000002964                sys_clock_cycle_get_32
 .text.CLOCK_GetFllExtRefClkFreq
                0x0000000000002988       0x3c C:\Users\alber\MicroC\Atv7-SemaforoVeiculosPed\sem-foros-de-pedestres-e-ve-culos-cet\.pio\build\frdm_kl25z\modules/hal_nxp/libmodules__hal_nxp.a(fsl_clock.c.o)
 .text.CLOCK_GetInternalRefClkSelectFreq
                0x00000000000029c4       0x28 C:\Users\alber\MicroC\Atv7-SemaforoVeiculosPed\sem-foros-de-pedestres-e-ve-culos-cet\.pio\build\frdm_kl25z\modules/hal_nxp/libmodules__hal_nxp.a(fsl_clock.c.o)
 .text.CLOCK_GetOsc0ErClkFreq
                0x00000000000029ec       0x1c C:\Users\alber\MicroC\Atv7-SemaforoVeiculosPed\sem-foros-de-pedestres-e-ve-culos-cet\.pio\build\frdm_kl25z\modules/hal_nxp/libmodules__hal_nxp.a(fsl_clock.c.o)
                0x00000000000029ec                CLOCK_GetOsc0ErClkFreq
 .text.CLOCK_GetEr32kClkFreq
                0x0000000000002a08       0x40 C:\Users\alber\MicroC\Atv7-SemaforoVeiculosPed\sem-foros-de-pedestres-e-ve-culos-cet\.pio\build\frdm_kl25z\modules/hal_nxp/libmodules__hal_nxp.a(fsl_clock.c.o)
                0x0000000000002a08                CLOCK_GetEr32kClkFreq
 .text.CLOCK_SetSimConfig
                0x0000000000002a48       0x4c C:\Users\alber\MicroC\Atv7-SemaforoVeiculosPed\sem-foros-de-pedestres-e-ve-culos-cet\.pio\build\frdm_kl25z\modules/hal_nxp/libmodules__hal_nxp.a(fsl_clock.c.o)
                0x0000000000002a48                CLOCK_SetSimConfig
 .text.CLOCK_GetFllFreq
                0x0000000000002a94       0x4c C:\Users\alber\MicroC\Atv7-SemaforoVeiculosPed\sem-foros-de-pedestres-e-ve-culos-cet\.pio\build\frdm_kl25z\modules/hal_nxp/libmodules__hal_nxp.a(fsl_clock.c.o)
                0x0000000000002a94                CLOCK_GetFllFreq
 .text.CLOCK_GetInternalRefClkFreq
                0x0000000000002ae0       0x18 C:\Users\alber\MicroC\Atv7-SemaforoVeiculosPed\sem-foros-de-pedestres-e-ve-culos-cet\.pio\build\frdm_kl25z\modules/hal_nxp/libmodules__hal_nxp.a(fsl_clock.c.o)
                0x0000000000002ae0                CLOCK_GetInternalRefClkFreq
 .text.CLOCK_GetPll0Freq
                0x0000000000002af8       0x30 C:\Users\alber\MicroC\Atv7-SemaforoVeiculosPed\sem-foros-de-pedestres-e-ve-culos-cet\.pio\build\frdm_kl25z\modules/hal_nxp/libmodules__hal_nxp.a(fsl_clock.c.o)
                0x0000000000002af8                CLOCK_GetPll0Freq
 .text.CLOCK_GetPllFllSelClkFreq
                0x0000000000002b28       0x24 C:\Users\alber\MicroC\Atv7-SemaforoVeiculosPed\sem-foros-de-pedestres-e-ve-culos-cet\.pio\build\frdm_kl25z\modules/hal_nxp/libmodules__hal_nxp.a(fsl_clock.c.o)
                0x0000000000002b28                CLOCK_GetPllFllSelClkFreq
 .text.CLOCK_GetOutClkFreq
                0x0000000000002b4c       0x38 C:\Users\alber\MicroC\Atv7-SemaforoVeiculosPed\sem-foros-de-pedestres-e-ve-culos-cet\.pio\build\frdm_kl25z\modules/hal_nxp/libmodules__hal_nxp.a(fsl_clock.c.o)
                0x0000000000002b4c                CLOCK_GetOutClkFreq
 .text.CLOCK_GetFixedFreqClkFreq
                0x0000000000002b84       0x34 C:\Users\alber\MicroC\Atv7-SemaforoVeiculosPed\sem-foros-de-pedestres-e-ve-culos-cet\.pio\build\frdm_kl25z\modules/hal_nxp/libmodules__hal_nxp.a(fsl_clock.c.o)
                0x0000000000002b84                CLOCK_GetFixedFreqClkFreq
 .text.CLOCK_GetFreq
                0x0000000000002bb8       0x84 C:\Users\alber\MicroC\Atv7-SemaforoVeiculosPed\sem-foros-de-pedestres-e-ve-culos-cet\.pio\build\frdm_kl25z\modules/hal_nxp/libmodules__hal_nxp.a(fsl_clock.c.o)
                0x0000000000002bb8                CLOCK_GetFreq
 .text.CLOCK_SetInternalRefClkConfig
                0x0000000000002c3c       0x74 C:\Users\alber\MicroC\Atv7-SemaforoVeiculosPed\sem-foros-de-pedestres-e-ve-culos-cet\.pio\build\frdm_kl25z\modules/hal_nxp/libmodules__hal_nxp.a(fsl_clock.c.o)
                0x0000000000002c3c                CLOCK_SetInternalRefClkConfig
 .text.CLOCK_EnablePll0
                0x0000000000002cb0       0x30 C:\Users\alber\MicroC\Atv7-SemaforoVeiculosPed\sem-foros-de-pedestres-e-ve-culos-cet\.pio\build\frdm_kl25z\modules/hal_nxp/libmodules__hal_nxp.a(fsl_clock.c.o)
                0x0000000000002cb0                CLOCK_EnablePll0
 .text.CLOCK_InitOsc0
                0x0000000000002ce0       0x6c C:\Users\alber\MicroC\Atv7-SemaforoVeiculosPed\sem-foros-de-pedestres-e-ve-culos-cet\.pio\build\frdm_kl25z\modules/hal_nxp/libmodules__hal_nxp.a(fsl_clock.c.o)
                0x0000000000002ce0                CLOCK_InitOsc0
 .text.CLOCK_SetPbeMode
                0x0000000000002d4c       0x50 C:\Users\alber\MicroC\Atv7-SemaforoVeiculosPed\sem-foros-de-pedestres-e-ve-culos-cet\.pio\build\frdm_kl25z\modules/hal_nxp/libmodules__hal_nxp.a(fsl_clock.c.o)
                0x0000000000002d4c                CLOCK_SetPbeMode
 .text.CLOCK_BootToPeeMode
                0x0000000000002d9c       0x2c C:\Users\alber\MicroC\Atv7-SemaforoVeiculosPed\sem-foros-de-pedestres-e-ve-culos-cet\.pio\build\frdm_kl25z\modules/hal_nxp/libmodules__hal_nxp.a(fsl_clock.c.o)
                0x0000000000002d9c                CLOCK_BootToPeeMode
 .text.SystemInit
                0x0000000000002dc8       0x10 C:\Users\alber\MicroC\Atv7-SemaforoVeiculosPed\sem-foros-de-pedestres-e-ve-culos-cet\.pio\build\frdm_kl25z\modules/hal_nxp/libmodules__hal_nxp.a(system_MKL25Z4.c.o)
                0x0000000000002dc8                SystemInit
 .text.LPSCI_Init
                0x0000000000002dd8      0x134 C:\Users\alber\MicroC\Atv7-SemaforoVeiculosPed\sem-foros-de-pedestres-e-ve-culos-cet\.pio\build\frdm_kl25z\modules/hal_nxp/libmodules__hal_nxp.a(fsl_lpsci.c.o)
                0x0000000000002dd8                LPSCI_Init
 .text.LPSCI_ClearStatusFlags
                0x0000000000002f0c       0x54 C:\Users\alber\MicroC\Atv7-SemaforoVeiculosPed\sem-foros-de-pedestres-e-ve-culos-cet\.pio\build\frdm_kl25z\modules/hal_nxp/libmodules__hal_nxp.a(fsl_lpsci.c.o)
                0x0000000000002f0c                LPSCI_ClearStatusFlags
 .text.k_sys_fatal_error_handler
                0x0000000000002f60       0x20 C:\Users\alber\MicroC\Atv7-SemaforoVeiculosPed\sem-foros-de-pedestres-e-ve-culos-cet\.pio\build\frdm_kl25z\zephyr/kernel/libkernel.a(fatal.c.o)
                0x0000000000002f60                k_sys_fatal_error_handler
 .text.z_fatal_error
                0x0000000000002f80       0xf0 C:\Users\alber\MicroC\Atv7-SemaforoVeiculosPed\sem-foros-de-pedestres-e-ve-culos-cet\.pio\build\frdm_kl25z\zephyr/kernel/libkernel.a(fatal.c.o)
                0x0000000000002f80                z_fatal_error
 .text.z_sys_init_run_level
                0x0000000000003070       0x34 C:\Users\alber\MicroC\Atv7-SemaforoVeiculosPed\sem-foros-de-pedestres-e-ve-culos-cet\.pio\build\frdm_kl25z\zephyr/kernel/libkernel.a(init.c.o)
 .text.bg_thread_main
                0x00000000000030a4       0xa8 C:\Users\alber\MicroC\Atv7-SemaforoVeiculosPed\sem-foros-de-pedestres-e-ve-culos-cet\.pio\build\frdm_kl25z\zephyr/kernel/libkernel.a(init.c.o)
 .text.z_bss_zero
                0x000000000000314c       0x18 C:\Users\alber\MicroC\Atv7-SemaforoVeiculosPed\sem-foros-de-pedestres-e-ve-culos-cet\.pio\build\frdm_kl25z\zephyr/kernel/libkernel.a(init.c.o)
                0x000000000000314c                z_bss_zero
 .text.z_init_cpu
                0x0000000000003164       0x68 C:\Users\alber\MicroC\Atv7-SemaforoVeiculosPed\sem-foros-de-pedestres-e-ve-culos-cet\.pio\build\frdm_kl25z\zephyr/kernel/libkernel.a(init.c.o)
                0x0000000000003164                z_init_cpu
 .text.z_cstart
                0x00000000000031cc       0xbc C:\Users\alber\MicroC\Atv7-SemaforoVeiculosPed\sem-foros-de-pedestres-e-ve-culos-cet\.pio\build\frdm_kl25z\zephyr/kernel/libkernel.a(init.c.o)
                0x00000000000031cc                z_cstart
 .text.z_impl_k_sem_give
                0x0000000000003288       0x64 C:\Users\alber\MicroC\Atv7-SemaforoVeiculosPed\sem-foros-de-pedestres-e-ve-culos-cet\.pio\build\frdm_kl25z\zephyr/kernel/libkernel.a(sem.c.o)
                0x0000000000003288                z_impl_k_sem_give
 .text.z_impl_k_sem_take
                0x00000000000032ec       0x54 C:\Users\alber\MicroC\Atv7-SemaforoVeiculosPed\sem-foros-de-pedestres-e-ve-culos-cet\.pio\build\frdm_kl25z\zephyr/kernel/libkernel.a(sem.c.o)
                0x00000000000032ec                z_impl_k_sem_take
 .text.z_setup_new_thread
                0x0000000000003340       0x58 C:\Users\alber\MicroC\Atv7-SemaforoVeiculosPed\sem-foros-de-pedestres-e-ve-culos-cet\.pio\build\frdm_kl25z\zephyr/kernel/libkernel.a(thread.c.o)
                0x0000000000003340                z_setup_new_thread
 .text.z_impl_k_thread_create
                0x0000000000003398       0x58 C:\Users\alber\MicroC\Atv7-SemaforoVeiculosPed\sem-foros-de-pedestres-e-ve-culos-cet\.pio\build\frdm_kl25z\zephyr/kernel/libkernel.a(thread.c.o)
                0x0000000000003398                z_impl_k_thread_create
 .text.z_dummy_thread_init
                0x00000000000033f0       0x14 C:\Users\alber\MicroC\Atv7-SemaforoVeiculosPed\sem-foros-de-pedestres-e-ve-culos-cet\.pio\build\frdm_kl25z\zephyr/kernel/libkernel.a(thread.c.o)
                0x00000000000033f0                z_dummy_thread_init
 .text.z_swap_irqlock
                0x0000000000003404       0x2c C:\Users\alber\MicroC\Atv7-SemaforoVeiculosPed\sem-foros-de-pedestres-e-ve-culos-cet\.pio\build\frdm_kl25z\zephyr/kernel/libkernel.a(sched.c.o)
 .text.unready_thread
                0x0000000000003430       0x58 C:\Users\alber\MicroC\Atv7-SemaforoVeiculosPed\sem-foros-de-pedestres-e-ve-culos-cet\.pio\build\frdm_kl25z\zephyr/kernel/libkernel.a(sched.c.o)
 .text.add_thread_timeout
                0x0000000000003488       0x18 C:\Users\alber\MicroC\Atv7-SemaforoVeiculosPed\sem-foros-de-pedestres-e-ve-culos-cet\.pio\build\frdm_kl25z\zephyr/kernel/libkernel.a(sched.c.o)
 .text.ready_thread
                0x00000000000034a0       0x94 C:\Users\alber\MicroC\Atv7-SemaforoVeiculosPed\sem-foros-de-pedestres-e-ve-culos-cet\.pio\build\frdm_kl25z\zephyr/kernel/libkernel.a(sched.c.o)
 .text.move_thread_to_end_of_prio_q
                0x0000000000003534       0xa0 C:\Users\alber\MicroC\Atv7-SemaforoVeiculosPed\sem-foros-de-pedestres-e-ve-culos-cet\.pio\build\frdm_kl25z\zephyr/kernel/libkernel.a(sched.c.o)
                0x0000000000003534                move_thread_to_end_of_prio_q
 .text.z_pend_curr
                0x00000000000035d4       0x38 C:\Users\alber\MicroC\Atv7-SemaforoVeiculosPed\sem-foros-de-pedestres-e-ve-culos-cet\.pio\build\frdm_kl25z\zephyr/kernel/libkernel.a(sched.c.o)
                0x00000000000035d4                z_pend_curr
 .text.z_reschedule
                0x000000000000360c       0x2c C:\Users\alber\MicroC\Atv7-SemaforoVeiculosPed\sem-foros-de-pedestres-e-ve-culos-cet\.pio\build\frdm_kl25z\zephyr/kernel/libkernel.a(sched.c.o)
                0x000000000000360c                z_reschedule
 .text.z_reschedule_irqlock
                0x0000000000003638       0x2c C:\Users\alber\MicroC\Atv7-SemaforoVeiculosPed\sem-foros-de-pedestres-e-ve-culos-cet\.pio\build\frdm_kl25z\zephyr/kernel/libkernel.a(sched.c.o)
                0x0000000000003638                z_reschedule_irqlock
 .text.k_sched_lock
                0x0000000000003664       0x20 C:\Users\alber\MicroC\Atv7-SemaforoVeiculosPed\sem-foros-de-pedestres-e-ve-culos-cet\.pio\build\frdm_kl25z\zephyr/kernel/libkernel.a(sched.c.o)
                0x0000000000003664                k_sched_lock
 .text.k_sched_unlock
                0x0000000000003684       0x60 C:\Users\alber\MicroC\Atv7-SemaforoVeiculosPed\sem-foros-de-pedestres-e-ve-culos-cet\.pio\build\frdm_kl25z\zephyr/kernel/libkernel.a(sched.c.o)
                0x0000000000003684                k_sched_unlock
 .text.z_sched_init
                0x00000000000036e4       0x14 C:\Users\alber\MicroC\Atv7-SemaforoVeiculosPed\sem-foros-de-pedestres-e-ve-culos-cet\.pio\build\frdm_kl25z\zephyr/kernel/libkernel.a(sched.c.o)
                0x00000000000036e4                z_sched_init
 .text.z_impl_k_yield
                0x00000000000036f8       0x84 C:\Users\alber\MicroC\Atv7-SemaforoVeiculosPed\sem-foros-de-pedestres-e-ve-culos-cet\.pio\build\frdm_kl25z\zephyr/kernel/libkernel.a(sched.c.o)
                0x00000000000036f8                z_impl_k_yield
 .text.z_tick_sleep
                0x000000000000377c       0x74 C:\Users\alber\MicroC\Atv7-SemaforoVeiculosPed\sem-foros-de-pedestres-e-ve-culos-cet\.pio\build\frdm_kl25z\zephyr/kernel/libkernel.a(sched.c.o)
 .text.z_impl_k_sleep
                0x00000000000037f0       0x4c C:\Users\alber\MicroC\Atv7-SemaforoVeiculosPed\sem-foros-de-pedestres-e-ve-culos-cet\.pio\build\frdm_kl25z\zephyr/kernel/libkernel.a(sched.c.o)
                0x00000000000037f0                z_impl_k_sleep
 .text.z_impl_k_wakeup
                0x000000000000383c       0x40 C:\Users\alber\MicroC\Atv7-SemaforoVeiculosPed\sem-foros-de-pedestres-e-ve-culos-cet\.pio\build\frdm_kl25z\zephyr/kernel/libkernel.a(sched.c.o)
                0x000000000000383c                z_impl_k_wakeup
 .text.z_impl_k_sched_current_thread_query
                0x000000000000387c        0xc C:\Users\alber\MicroC\Atv7-SemaforoVeiculosPed\sem-foros-de-pedestres-e-ve-culos-cet\.pio\build\frdm_kl25z\zephyr/kernel/libkernel.a(sched.c.o)
                0x000000000000387c                z_impl_k_sched_current_thread_query
 .text.z_thread_abort
                0x0000000000003888      0x128 C:\Users\alber\MicroC\Atv7-SemaforoVeiculosPed\sem-foros-de-pedestres-e-ve-culos-cet\.pio\build\frdm_kl25z\zephyr/kernel/libkernel.a(sched.c.o)
                0x0000000000003888                z_thread_abort
 .text.z_impl_k_thread_join
                0x00000000000039b0       0x60 C:\Users\alber\MicroC\Atv7-SemaforoVeiculosPed\sem-foros-de-pedestres-e-ve-culos-cet\.pio\build\frdm_kl25z\zephyr/kernel/libkernel.a(sched.c.o)
                0x00000000000039b0                z_impl_k_thread_join
 .text.slice_timeout
                0x0000000000003a10       0x20 C:\Users\alber\MicroC\Atv7-SemaforoVeiculosPed\sem-foros-de-pedestres-e-ve-culos-cet\.pio\build\frdm_kl25z\zephyr/kernel/libkernel.a(timeslicing.c.o)
 .text.thread_is_sliceable
                0x0000000000003a30       0x40 C:\Users\alber\MicroC\Atv7-SemaforoVeiculosPed\sem-foros-de-pedestres-e-ve-culos-cet\.pio\build\frdm_kl25z\zephyr/kernel/libkernel.a(timeslicing.c.o)
                0x0000000000003a30                thread_is_sliceable
 .text.z_reset_time_slice
                0x0000000000003a70       0x4c C:\Users\alber\MicroC\Atv7-SemaforoVeiculosPed\sem-foros-de-pedestres-e-ve-culos-cet\.pio\build\frdm_kl25z\zephyr/kernel/libkernel.a(timeslicing.c.o)
                0x0000000000003a70                z_reset_time_slice
 .text.z_time_slice
                0x0000000000003abc       0x58 C:\Users\alber\MicroC\Atv7-SemaforoVeiculosPed\sem-foros-de-pedestres-e-ve-culos-cet\.pio\build\frdm_kl25z\zephyr/kernel/libkernel.a(timeslicing.c.o)
                0x0000000000003abc                z_time_slice
 .text.z_data_copy
                0x0000000000003b14       0x34 C:\Users\alber\MicroC\Atv7-SemaforoVeiculosPed\sem-foros-de-pedestres-e-ve-culos-cet\.pio\build\frdm_kl25z\zephyr/kernel/libkernel.a(xip.c.o)
                0x0000000000003b14                z_data_copy
 .text.first    0x0000000000003b48       0x10 C:\Users\alber\MicroC\Atv7-SemaforoVeiculosPed\sem-foros-de-pedestres-e-ve-culos-cet\.pio\build\frdm_kl25z\zephyr/kernel/libkernel.a(timeout.c.o)
 .text.next_timeout
                0x0000000000003b58       0x38 C:\Users\alber\MicroC\Atv7-SemaforoVeiculosPed\sem-foros-de-pedestres-e-ve-culos-cet\.pio\build\frdm_kl25z\zephyr/kernel/libkernel.a(timeout.c.o)
 .text.elapsed  0x0000000000003b90       0x18 C:\Users\alber\MicroC\Atv7-SemaforoVeiculosPed\sem-foros-de-pedestres-e-ve-culos-cet\.pio\build\frdm_kl25z\zephyr/kernel/libkernel.a(timeout.c.o)
 .text.remove_timeout
                0x0000000000003ba8       0x38 C:\Users\alber\MicroC\Atv7-SemaforoVeiculosPed\sem-foros-de-pedestres-e-ve-culos-cet\.pio\build\frdm_kl25z\zephyr/kernel/libkernel.a(timeout.c.o)
 .text.z_add_timeout
                0x0000000000003be0      0x120 C:\Users\alber\MicroC\Atv7-SemaforoVeiculosPed\sem-foros-de-pedestres-e-ve-culos-cet\.pio\build\frdm_kl25z\zephyr/kernel/libkernel.a(timeout.c.o)
                0x0000000000003be0                z_add_timeout
 .text.sys_clock_announce
                0x0000000000003d00       0xd0 C:\Users\alber\MicroC\Atv7-SemaforoVeiculosPed\sem-foros-de-pedestres-e-ve-culos-cet\.pio\build\frdm_kl25z\zephyr/kernel/libkernel.a(timeout.c.o)
                0x0000000000003d00                sys_clock_announce
 .text.sys_clock_tick_get
                0x0000000000003dd0       0x30 C:\Users\alber\MicroC\Atv7-SemaforoVeiculosPed\sem-foros-de-pedestres-e-ve-culos-cet\.pio\build\frdm_kl25z\zephyr/kernel/libkernel.a(timeout.c.o)
                0x0000000000003dd0                sys_clock_tick_get
 .text.z_timer_expiration_handler
                0x0000000000003e00      0x110 C:\Users\alber\MicroC\Atv7-SemaforoVeiculosPed\sem-foros-de-pedestres-e-ve-culos-cet\.pio\build\frdm_kl25z\zephyr/kernel/libkernel.a(timer.c.o)
                0x0000000000003e00                z_timer_expiration_handler
 .text.z_impl_k_timer_start
                0x0000000000003f10       0x68 C:\Users\alber\MicroC\Atv7-SemaforoVeiculosPed\sem-foros-de-pedestres-e-ve-culos-cet\.pio\build\frdm_kl25z\zephyr/kernel/libkernel.a(timer.c.o)
                0x0000000000003f10                z_impl_k_timer_start
 .text.boot_banner
                0x0000000000003f78       0x10 C:\Users\alber\MicroC\Atv7-SemaforoVeiculosPed\sem-foros-de-pedestres-e-ve-culos-cet\.pio\build\frdm_kl25z\zephyr/kernel/libkernel.a(banner.c.o)
                0x0000000000003f78                boot_banner
 .text.snprintf
                0x0000000000003f88       0x54 C:\Users\alber\MicroC\Atv7-SemaforoVeiculosPed\sem-foros-de-pedestres-e-ve-culos-cet\.pio\build\frdm_kl25z\modules\picolibc\libc.a(snprintf.c.o)
                0x0000000000003f88                snprintf
 .text.vfprintf
                0x0000000000003fdc      0x50c C:\Users\alber\MicroC\Atv7-SemaforoVeiculosPed\sem-foros-de-pedestres-e-ve-culos-cet\.pio\build\frdm_kl25z\modules\picolibc\libc.a(vflprintf.c.o)
                0x0000000000003fdc                vfprintf
                0x0000000000003fdc                __l_vfprintf
 .text.__muldi3
                0x00000000000044e8       0x54 c:/users/alber/.platformio/packages/toolchain-gccarmnoneeabi/bin/../lib/gcc/arm-none-eabi/8.2.1/thumb/v6-m/nofp\libgcc.a(_muldi3.o)
                0x00000000000044e8                __muldi3
                0x00000000000044e8                __aeabi_lmul
 .text.__udivmoddi4
                0x000000000000453c      0x1a4 c:/users/alber/.platformio/packages/toolchain-gccarmnoneeabi/bin/../lib/gcc/arm-none-eabi/8.2.1/thumb/v6-m/nofp\libgcc.a(_udivmoddi4.o)
                0x000000000000453c                __udivmoddi4
 .text.__gnu_ldivmod_helper
                0x00000000000046e0       0x38 c:/users/alber/.platformio/packages/toolchain-gccarmnoneeabi/bin/../lib/gcc/arm-none-eabi/8.2.1/thumb/v6-m/nofp\libgcc.a(bpabi.o)
                0x00000000000046e0                __gnu_ldivmod_helper
 .text.__divdi3
                0x0000000000004718      0x1cc c:/users/alber/.platformio/packages/toolchain-gccarmnoneeabi/bin/../lib/gcc/arm-none-eabi/8.2.1/thumb/v6-m/nofp\libgcc.a(_divdi3.o)
                0x0000000000004718                __divdi3
 .text.gpio_pin_set_dt
                0x00000000000048e4       0x2c .pio\build\frdm_kl25z\src\main.o
 .text.k_msleep
                0x0000000000004910       0x12 .pio\build\frdm_kl25z\src\main.o
 .text.atomic_set
                0x0000000000004922        0x8 .pio\build\frdm_kl25z\src\main.o
 .text.device_is_ready
                0x000000000000492a        0x8 .pio\build\frdm_kl25z\src\main.o
 .text.gpio_pin_interrupt_configure_dt.constprop.5
                0x0000000000004932       0x22 .pio\build\frdm_kl25z\src\main.o
 .text.z_log_msg_simple_create_0.constprop.10
                0x0000000000004954        0xc .pio\build\frdm_kl25z\src\main.o
 .text.chunk_size
                0x0000000000004960        0xa C:\Users\alber\MicroC\Atv7-SemaforoVeiculosPed\sem-foros-de-pedestres-e-ve-culos-cet\.pio\build\frdm_kl25z\zephyr/libzephyr.a(heap.c.o)
 .text.free_list_add
                0x000000000000496a       0x52 C:\Users\alber\MicroC\Atv7-SemaforoVeiculosPed\sem-foros-de-pedestres-e-ve-culos-cet\.pio\build\frdm_kl25z\zephyr/libzephyr.a(heap.c.o)
 .text.sys_heap_init
                0x00000000000049bc       0x64 C:\Users\alber\MicroC\Atv7-SemaforoVeiculosPed\sem-foros-de-pedestres-e-ve-culos-cet\.pio\build\frdm_kl25z\zephyr/libzephyr.a(heap.c.o)
                0x00000000000049bc                sys_heap_init
 .text.cbpprintf_external
                0x0000000000004a20       0x6a C:\Users\alber\MicroC\Atv7-SemaforoVeiculosPed\sem-foros-de-pedestres-e-ve-culos-cet\.pio\build\frdm_kl25z\zephyr/libzephyr.a(cbprintf_packaged.c.o)
                0x0000000000004a20                cbpprintf_external
 .text.is_ptr   0x0000000000004a8a       0x40 C:\Users\alber\MicroC\Atv7-SemaforoVeiculosPed\sem-foros-de-pedestres-e-ve-culos-cet\.pio\build\frdm_kl25z\zephyr/libzephyr.a(cbprintf_packaged.c.o)
                0x0000000000004a8a                is_ptr
 .text.arch_printk_char_out
                0x0000000000004aca        0x4 C:\Users\alber\MicroC\Atv7-SemaforoVeiculosPed\sem-foros-de-pedestres-e-ve-culos-cet\.pio\build\frdm_kl25z\zephyr/libzephyr.a(printk.c.o)
                0x0000000000004aca                arch_printk_char_out
 .text.printk   0x0000000000004ace       0x16 C:\Users\alber\MicroC\Atv7-SemaforoVeiculosPed\sem-foros-de-pedestres-e-ve-culos-cet\.pio\build\frdm_kl25z\zephyr/libzephyr.a(printk.c.o)
                0x0000000000004ace                printk
 .text.z_thread_entry
                0x0000000000004ae4       0x14 C:\Users\alber\MicroC\Atv7-SemaforoVeiculosPed\sem-foros-de-pedestres-e-ve-culos-cet\.pio\build\frdm_kl25z\zephyr/libzephyr.a(thread_entry.c.o)
                0x0000000000004ae4                z_thread_entry
 .text.idx_inc  0x0000000000004af8       0x1a C:\Users\alber\MicroC\Atv7-SemaforoVeiculosPed\sem-foros-de-pedestres-e-ve-culos-cet\.pio\build\frdm_kl25z\zephyr/libzephyr.a(mpsc_pbuf.c.o)
 .text.rd_idx_inc
                0x0000000000004b12       0x18 C:\Users\alber\MicroC\Atv7-SemaforoVeiculosPed\sem-foros-de-pedestres-e-ve-culos-cet\.pio\build\frdm_kl25z\zephyr/libzephyr.a(mpsc_pbuf.c.o)
 .text.add_skip_item
                0x0000000000004b2a       0x3a C:\Users\alber\MicroC\Atv7-SemaforoVeiculosPed\sem-foros-de-pedestres-e-ve-culos-cet\.pio\build\frdm_kl25z\zephyr/libzephyr.a(mpsc_pbuf.c.o)
 .text.post_drop_action
                0x0000000000004b64       0x38 C:\Users\alber\MicroC\Atv7-SemaforoVeiculosPed\sem-foros-de-pedestres-e-ve-culos-cet\.pio\build\frdm_kl25z\zephyr/libzephyr.a(mpsc_pbuf.c.o)
 .text.free_space
                0x0000000000004b9c       0x2a C:\Users\alber\MicroC\Atv7-SemaforoVeiculosPed\sem-foros-de-pedestres-e-ve-culos-cet\.pio\build\frdm_kl25z\zephyr/libzephyr.a(mpsc_pbuf.c.o)
 .text.get_usage
                0x0000000000004bc6       0x22 C:\Users\alber\MicroC\Atv7-SemaforoVeiculosPed\sem-foros-de-pedestres-e-ve-culos-cet\.pio\build\frdm_kl25z\zephyr/libzephyr.a(mpsc_pbuf.c.o)
 .text.max_utilization_update
                0x0000000000004be8       0x22 C:\Users\alber\MicroC\Atv7-SemaforoVeiculosPed\sem-foros-de-pedestres-e-ve-culos-cet\.pio\build\frdm_kl25z\zephyr/libzephyr.a(mpsc_pbuf.c.o)
 .text.drop_item_locked
                0x0000000000004c0a       0xe6 C:\Users\alber\MicroC\Atv7-SemaforoVeiculosPed\sem-foros-de-pedestres-e-ve-culos-cet\.pio\build\frdm_kl25z\zephyr/libzephyr.a(mpsc_pbuf.c.o)
 .text.mpsc_pbuf_init
                0x0000000000004cf0       0x46 C:\Users\alber\MicroC\Atv7-SemaforoVeiculosPed\sem-foros-de-pedestres-e-ve-culos-cet\.pio\build\frdm_kl25z\zephyr/libzephyr.a(mpsc_pbuf.c.o)
                0x0000000000004cf0                mpsc_pbuf_init
 .text.mpsc_pbuf_alloc
                0x0000000000004d36       0xf4 C:\Users\alber\MicroC\Atv7-SemaforoVeiculosPed\sem-foros-de-pedestres-e-ve-culos-cet\.pio\build\frdm_kl25z\zephyr/libzephyr.a(mpsc_pbuf.c.o)
                0x0000000000004d36                mpsc_pbuf_alloc
 .text.mpsc_pbuf_commit
                0x0000000000004e2a       0x38 C:\Users\alber\MicroC\Atv7-SemaforoVeiculosPed\sem-foros-de-pedestres-e-ve-culos-cet\.pio\build\frdm_kl25z\zephyr/libzephyr.a(mpsc_pbuf.c.o)
                0x0000000000004e2a                mpsc_pbuf_commit
 .text.mpsc_pbuf_claim
                0x0000000000004e62       0x96 C:\Users\alber\MicroC\Atv7-SemaforoVeiculosPed\sem-foros-de-pedestres-e-ve-culos-cet\.pio\build\frdm_kl25z\zephyr/libzephyr.a(mpsc_pbuf.c.o)
                0x0000000000004e62                mpsc_pbuf_claim
 .text.mpsc_pbuf_free
                0x0000000000004ef8       0x72 C:\Users\alber\MicroC\Atv7-SemaforoVeiculosPed\sem-foros-de-pedestres-e-ve-culos-cet\.pio\build\frdm_kl25z\zephyr/libzephyr.a(mpsc_pbuf.c.o)
                0x0000000000004ef8                mpsc_pbuf_free
 .text.mpsc_pbuf_is_pending
                0x0000000000004f6a       0x2e C:\Users\alber\MicroC\Atv7-SemaforoVeiculosPed\sem-foros-de-pedestres-e-ve-culos-cet\.pio\build\frdm_kl25z\zephyr/libzephyr.a(mpsc_pbuf.c.o)
                0x0000000000004f6a                mpsc_pbuf_is_pending
 .text._ConfigAbsSyms
                0x0000000000004f98        0x2 C:\Users\alber\MicroC\Atv7-SemaforoVeiculosPed\sem-foros-de-pedestres-e-ve-culos-cet\.pio\build\frdm_kl25z\zephyr/libzephyr.a(configs.c.o)
                0x0000000000004f98                _ConfigAbsSyms
 .text.soc_early_init_hook
                0x0000000000004f9a        0x8 C:\Users\alber\MicroC\Atv7-SemaforoVeiculosPed\sem-foros-de-pedestres-e-ve-culos-cet\.pio\build\frdm_kl25z\zephyr/libzephyr.a(soc.c.o)
                0x0000000000004f9a                soc_early_init_hook
 .text.soc_reset_hook
                0x0000000000004fa2        0x8 C:\Users\alber\MicroC\Atv7-SemaforoVeiculosPed\sem-foros-de-pedestres-e-ve-culos-cet\.pio\build\frdm_kl25z\zephyr/libzephyr.a(soc.c.o)
                0x0000000000004fa2                soc_reset_hook
 .text.log_msg_generic_get_wlen
                0x0000000000004faa       0x22 C:\Users\alber\MicroC\Atv7-SemaforoVeiculosPed\sem-foros-de-pedestres-e-ve-culos-cet\.pio\build\frdm_kl25z\zephyr/libzephyr.a(log_core.c.o)
 .text.dummy_timestamp
                0x0000000000004fcc        0x4 C:\Users\alber\MicroC\Atv7-SemaforoVeiculosPed\sem-foros-de-pedestres-e-ve-culos-cet\.pio\build\frdm_kl25z\zephyr/libzephyr.a(log_core.c.o)
 .text.atomic_inc
                0x0000000000004fd0        0xa C:\Users\alber\MicroC\Atv7-SemaforoVeiculosPed\sem-foros-de-pedestres-e-ve-culos-cet\.pio\build\frdm_kl25z\zephyr/libzephyr.a(log_core.c.o)
 .text.default_lf_get_timestamp
                0x0000000000004fda       0x10 C:\Users\alber\MicroC\Atv7-SemaforoVeiculosPed\sem-foros-de-pedestres-e-ve-culos-cet\.pio\build\frdm_kl25z\zephyr/libzephyr.a(log_core.c.o)
 .text.z_log_vprintk
                0x0000000000004fea       0x1a C:\Users\alber\MicroC\Atv7-SemaforoVeiculosPed\sem-foros-de-pedestres-e-ve-culos-cet\.pio\build\frdm_kl25z\zephyr/libzephyr.a(log_core.c.o)
                0x0000000000004fea                z_log_vprintk
 .text.z_log_notify_drop
                0x0000000000005004        0xa C:\Users\alber\MicroC\Atv7-SemaforoVeiculosPed\sem-foros-de-pedestres-e-ve-culos-cet\.pio\build\frdm_kl25z\zephyr/libzephyr.a(log_core.c.o)
 .text.z_log_get_tag
                0x000000000000500e        0x4 C:\Users\alber\MicroC\Atv7-SemaforoVeiculosPed\sem-foros-de-pedestres-e-ve-culos-cet\.pio\build\frdm_kl25z\zephyr/libzephyr.a(log_core.c.o)
                0x000000000000500e                z_log_get_tag
 .text.log_backend_enable
                0x0000000000005012       0x16 C:\Users\alber\MicroC\Atv7-SemaforoVeiculosPed\sem-foros-de-pedestres-e-ve-culos-cet\.pio\build\frdm_kl25z\zephyr/libzephyr.a(log_mgmt.c.o)
                0x0000000000005012                log_backend_enable
 .text.z_cbprintf_cpy
                0x0000000000005028       0x32 C:\Users\alber\MicroC\Atv7-SemaforoVeiculosPed\sem-foros-de-pedestres-e-ve-culos-cet\.pio\build\frdm_kl25z\zephyr/libzephyr.a(log_msg.c.o)
 .text.z_log_msg_finalize
                0x000000000000505a       0x32 C:\Users\alber\MicroC\Atv7-SemaforoVeiculosPed\sem-foros-de-pedestres-e-ve-culos-cet\.pio\build\frdm_kl25z\zephyr/libzephyr.a(log_msg.c.o)
                0x000000000000505a                z_log_msg_finalize
 .text.z_log_msg_simple_create
                0x000000000000508c       0x58 C:\Users\alber\MicroC\Atv7-SemaforoVeiculosPed\sem-foros-de-pedestres-e-ve-culos-cet\.pio\build\frdm_kl25z\zephyr/libzephyr.a(log_msg.c.o)
 .text.z_impl_z_log_msg_simple_create_0
                0x00000000000050e4        0xe C:\Users\alber\MicroC\Atv7-SemaforoVeiculosPed\sem-foros-de-pedestres-e-ve-culos-cet\.pio\build\frdm_kl25z\zephyr/libzephyr.a(log_msg.c.o)
                0x00000000000050e4                z_impl_z_log_msg_simple_create_0
 .text.z_impl_z_log_msg_simple_create_1
                0x00000000000050f2       0x10 C:\Users\alber\MicroC\Atv7-SemaforoVeiculosPed\sem-foros-de-pedestres-e-ve-culos-cet\.pio\build\frdm_kl25z\zephyr/libzephyr.a(log_msg.c.o)
                0x00000000000050f2                z_impl_z_log_msg_simple_create_1
 .text.z_impl_z_log_msg_simple_create_2
                0x0000000000005102       0x16 C:\Users\alber\MicroC\Atv7-SemaforoVeiculosPed\sem-foros-de-pedestres-e-ve-culos-cet\.pio\build\frdm_kl25z\zephyr/libzephyr.a(log_msg.c.o)
                0x0000000000005102                z_impl_z_log_msg_simple_create_2
 .text.log_output_write
                0x0000000000005118       0x1e C:\Users\alber\MicroC\Atv7-SemaforoVeiculosPed\sem-foros-de-pedestres-e-ve-culos-cet\.pio\build\frdm_kl25z\zephyr/libzephyr.a(log_output.c.o)
 .text.log_output_flush
                0x0000000000005136       0x1a C:\Users\alber\MicroC\Atv7-SemaforoVeiculosPed\sem-foros-de-pedestres-e-ve-culos-cet\.pio\build\frdm_kl25z\zephyr/libzephyr.a(log_output.c.o)
 .text.out_func
                0x0000000000005150       0x26 C:\Users\alber\MicroC\Atv7-SemaforoVeiculosPed\sem-foros-de-pedestres-e-ve-culos-cet\.pio\build\frdm_kl25z\zephyr/libzephyr.a(log_output.c.o)
 .text.cr_out_func
                0x0000000000005176       0x1c C:\Users\alber\MicroC\Atv7-SemaforoVeiculosPed\sem-foros-de-pedestres-e-ve-culos-cet\.pio\build\frdm_kl25z\zephyr/libzephyr.a(log_output.c.o)
 .text.log_output_msg_process
                0x0000000000005192       0x66 C:\Users\alber\MicroC\Atv7-SemaforoVeiculosPed\sem-foros-de-pedestres-e-ve-culos-cet\.pio\build\frdm_kl25z\zephyr/libzephyr.a(log_output.c.o)
                0x0000000000005192                log_output_msg_process
 .text.format_set
                0x00000000000051f8        0xc C:\Users\alber\MicroC\Atv7-SemaforoVeiculosPed\sem-foros-de-pedestres-e-ve-culos-cet\.pio\build\frdm_kl25z\zephyr/libzephyr.a(log_backend_uart.c.o)
 .text.log_backend_uart_init
                0x0000000000005204        0xc C:\Users\alber\MicroC\Atv7-SemaforoVeiculosPed\sem-foros-de-pedestres-e-ve-culos-cet\.pio\build\frdm_kl25z\zephyr/libzephyr.a(log_backend_uart.c.o)
 .text.panic    0x0000000000005210       0x32 C:\Users\alber\MicroC\Atv7-SemaforoVeiculosPed\sem-foros-de-pedestres-e-ve-culos-cet\.pio\build\frdm_kl25z\zephyr/libzephyr.a(log_backend_uart.c.o)
 .text.dropped  0x0000000000005242        0xe C:\Users\alber\MicroC\Atv7-SemaforoVeiculosPed\sem-foros-de-pedestres-e-ve-culos-cet\.pio\build\frdm_kl25z\zephyr/libzephyr.a(log_backend_uart.c.o)
 .text.process  0x0000000000005250       0x1c C:\Users\alber\MicroC\Atv7-SemaforoVeiculosPed\sem-foros-de-pedestres-e-ve-culos-cet\.pio\build\frdm_kl25z\zephyr/libzephyr.a(log_backend_uart.c.o)
 .text.z_do_kernel_oops
                0x000000000000526c        0xc C:\Users\alber\MicroC\Atv7-SemaforoVeiculosPed\sem-foros-de-pedestres-e-ve-culos-cet\.pio\build\frdm_kl25z\zephyr/arch/arch/arm/core/libarch__arm__core.a(fatal.c.o)
                0x000000000000526c                z_do_kernel_oops
 .text.z_arm_nmi
                0x0000000000005278        0xc C:\Users\alber\MicroC\Atv7-SemaforoVeiculosPed\sem-foros-de-pedestres-e-ve-culos-cet\.pio\build\frdm_kl25z\zephyr/arch/arch/arm/core/libarch__arm__core.a(nmi.c.o)
                0x0000000000005278                z_arm_nmi
 .text.z_irq_spurious
                0x0000000000005284        0xc C:\Users\alber\MicroC\Atv7-SemaforoVeiculosPed\sem-foros-de-pedestres-e-ve-culos-cet\.pio\build\frdm_kl25z\zephyr/arch/arch/arm/core/cortex_m/libarch__arm__core__cortex_m.a(irq_manage.c.o)
                0x0000000000005284                z_irq_spurious
 .text.z_prep_c
                0x0000000000005290       0x16 C:\Users\alber\MicroC\Atv7-SemaforoVeiculosPed\sem-foros-de-pedestres-e-ve-culos-cet\.pio\build\frdm_kl25z\zephyr/arch/arch/arm/core/cortex_m/libarch__arm__core__cortex_m.a(prep_c.c.o)
                0x0000000000005290                z_prep_c
 .text.arch_irq_unlock_outlined
                0x00000000000052a6        0xc C:\Users\alber\MicroC\Atv7-SemaforoVeiculosPed\sem-foros-de-pedestres-e-ve-culos-cet\.pio\build\frdm_kl25z\zephyr/arch/arch/arm/core/cortex_m/libarch__arm__core__cortex_m.a(thread.c.o)
                0x00000000000052a6                arch_irq_unlock_outlined
 .text.arch_cpu_idle
                0x00000000000052b2        0xe C:\Users\alber\MicroC\Atv7-SemaforoVeiculosPed\sem-foros-de-pedestres-e-ve-culos-cet\.pio\build\frdm_kl25z\zephyr/arch/arch/arm/core/cortex_m/libarch__arm__core__cortex_m.a(cpu_idle.c.o)
                0x00000000000052b2                arch_cpu_idle
 .text.cbputc   0x00000000000052c0        0xc C:\Users\alber\MicroC\Atv7-SemaforoVeiculosPed\sem-foros-de-pedestres-e-ve-culos-cet\.pio\build\frdm_kl25z\zephyr/lib/libc/picolibc/liblib__libc__picolibc.a(cbprintf.c.o)
 .text.picolibc_put
                0x00000000000052cc        0xa C:\Users\alber\MicroC\Atv7-SemaforoVeiculosPed\sem-foros-de-pedestres-e-ve-culos-cet\.pio\build\frdm_kl25z\zephyr/lib/libc/picolibc/liblib__libc__picolibc.a(stdio.c.o)
 .text.mcux_mcg_on
                0x00000000000052d6        0x4 C:\Users\alber\MicroC\Atv7-SemaforoVeiculosPed\sem-foros-de-pedestres-e-ve-culos-cet\.pio\build\frdm_kl25z\zephyr/drivers/clock_control/libdrivers__clock_control.a(clock_control_mcux_mcg.c.o)
 .text.mcux_mcg_get_rate
                0x00000000000052da       0x24 C:\Users\alber\MicroC\Atv7-SemaforoVeiculosPed\sem-foros-de-pedestres-e-ve-culos-cet\.pio\build\frdm_kl25z\zephyr/drivers/clock_control/libdrivers__clock_control.a(clock_control_mcux_mcg.c.o)
 .text.mcux_mcg_off
                0x00000000000052fe        0x4 C:\Users\alber\MicroC\Atv7-SemaforoVeiculosPed\sem-foros-de-pedestres-e-ve-culos-cet\.pio\build\frdm_kl25z\zephyr/drivers/clock_control/libdrivers__clock_control.a(clock_control_mcux_mcg.c.o)
 .text.mcux_sim_init
                0x0000000000005302        0x4 C:\Users\alber\MicroC\Atv7-SemaforoVeiculosPed\sem-foros-de-pedestres-e-ve-culos-cet\.pio\build\frdm_kl25z\zephyr/drivers/clock_control/libdrivers__clock_control.a(clock_control_mcux_sim.c.o)
 .text.gpio_mcux_port_get_raw
                0x0000000000005306        0xc C:\Users\alber\MicroC\Atv7-SemaforoVeiculosPed\sem-foros-de-pedestres-e-ve-culos-cet\.pio\build\frdm_kl25z\zephyr/drivers/gpio/libdrivers__gpio.a(gpio_mcux.c.o)
 .text.gpio_mcux_port_set_masked_raw
                0x0000000000005312       0x12 C:\Users\alber\MicroC\Atv7-SemaforoVeiculosPed\sem-foros-de-pedestres-e-ve-culos-cet\.pio\build\frdm_kl25z\zephyr/drivers/gpio/libdrivers__gpio.a(gpio_mcux.c.o)
 .text.gpio_mcux_port_set_bits_raw
                0x0000000000005324        0xa C:\Users\alber\MicroC\Atv7-SemaforoVeiculosPed\sem-foros-de-pedestres-e-ve-culos-cet\.pio\build\frdm_kl25z\zephyr/drivers/gpio/libdrivers__gpio.a(gpio_mcux.c.o)
 .text.gpio_mcux_port_clear_bits_raw
                0x000000000000532e        0xa C:\Users\alber\MicroC\Atv7-SemaforoVeiculosPed\sem-foros-de-pedestres-e-ve-culos-cet\.pio\build\frdm_kl25z\zephyr/drivers/gpio/libdrivers__gpio.a(gpio_mcux.c.o)
 .text.gpio_mcux_port_toggle_bits
                0x0000000000005338        0xa C:\Users\alber\MicroC\Atv7-SemaforoVeiculosPed\sem-foros-de-pedestres-e-ve-culos-cet\.pio\build\frdm_kl25z\zephyr/drivers/gpio/libdrivers__gpio.a(gpio_mcux.c.o)
 .text.gpio_mcux_manage_callback
                0x0000000000005342       0x5c C:\Users\alber\MicroC\Atv7-SemaforoVeiculosPed\sem-foros-de-pedestres-e-ve-culos-cet\.pio\build\frdm_kl25z\zephyr/drivers/gpio/libdrivers__gpio.a(gpio_mcux.c.o)
 .text.gpio_mcux_port_isr
                0x000000000000539e       0x30 C:\Users\alber\MicroC\Atv7-SemaforoVeiculosPed\sem-foros-de-pedestres-e-ve-culos-cet\.pio\build\frdm_kl25z\zephyr/drivers/gpio/libdrivers__gpio.a(gpio_mcux.c.o)
 .text.gpio_mcux_port1_init
                0x00000000000053ce        0x4 C:\Users\alber\MicroC\Atv7-SemaforoVeiculosPed\sem-foros-de-pedestres-e-ve-culos-cet\.pio\build\frdm_kl25z\zephyr/drivers/gpio/libdrivers__gpio.a(gpio_mcux.c.o)
 .text.gpio_mcux_port0_init
                0x00000000000053d2       0x16 C:\Users\alber\MicroC\Atv7-SemaforoVeiculosPed\sem-foros-de-pedestres-e-ve-culos-cet\.pio\build\frdm_kl25z\zephyr/drivers/gpio/libdrivers__gpio.a(gpio_mcux.c.o)
 .text.gpio_mcux_port2_init
                0x00000000000053e8       0x16 C:\Users\alber\MicroC\Atv7-SemaforoVeiculosPed\sem-foros-de-pedestres-e-ve-culos-cet\.pio\build\frdm_kl25z\zephyr/drivers/gpio/libdrivers__gpio.a(gpio_mcux.c.o)
 .text.pinctrl_lookup_state
                0x00000000000053fe       0x28 C:\Users\alber\MicroC\Atv7-SemaforoVeiculosPed\sem-foros-de-pedestres-e-ve-culos-cet\.pio\build\frdm_kl25z\zephyr/drivers/pinctrl/libdrivers__pinctrl.a(common.c.o)
                0x00000000000053fe                pinctrl_lookup_state
 .text.mcux_lpsci_poll_out
                0x0000000000005426       0x18 C:\Users\alber\MicroC\Atv7-SemaforoVeiculosPed\sem-foros-de-pedestres-e-ve-culos-cet\.pio\build\frdm_kl25z\zephyr/drivers/serial/libdrivers__serial.a(uart_mcux_lpsci.c.o)
 .text.mcux_lpsci_poll_in
                0x000000000000543e       0x20 C:\Users\alber\MicroC\Atv7-SemaforoVeiculosPed\sem-foros-de-pedestres-e-ve-culos-cet\.pio\build\frdm_kl25z\zephyr/drivers/serial/libdrivers__serial.a(uart_mcux_lpsci.c.o)
 .text.mcux_lpsci_err_check
                0x000000000000545e       0x2c C:\Users\alber\MicroC\Atv7-SemaforoVeiculosPed\sem-foros-de-pedestres-e-ve-culos-cet\.pio\build\frdm_kl25z\zephyr/drivers/serial/libdrivers__serial.a(uart_mcux_lpsci.c.o)
 .text.mcux_lpsci_init
                0x000000000000548a       0x6e C:\Users\alber\MicroC\Atv7-SemaforoVeiculosPed\sem-foros-de-pedestres-e-ve-culos-cet\.pio\build\frdm_kl25z\zephyr/drivers/serial/libdrivers__serial.a(uart_mcux_lpsci.c.o)
 .text.LPSCI_GetDefaultConfig
                0x00000000000054f8       0x1c C:\Users\alber\MicroC\Atv7-SemaforoVeiculosPed\sem-foros-de-pedestres-e-ve-culos-cet\.pio\build\frdm_kl25z\modules/hal_nxp/libmodules__hal_nxp.a(fsl_lpsci.c.o)
                0x00000000000054f8                LPSCI_GetDefaultConfig
 .text.LPSCI_GetStatusFlags
                0x0000000000005514        0xa C:\Users\alber\MicroC\Atv7-SemaforoVeiculosPed\sem-foros-de-pedestres-e-ve-culos-cet\.pio\build\frdm_kl25z\modules/hal_nxp/libmodules__hal_nxp.a(fsl_lpsci.c.o)
                0x0000000000005514                LPSCI_GetStatusFlags
 .text._OffsetAbsSyms
                0x000000000000551e        0x2 C:\Users\alber\MicroC\Atv7-SemaforoVeiculosPed\sem-foros-de-pedestres-e-ve-culos-cet\.pio\build\frdm_kl25z\zephyr\liboffsets.a(offsets.c.o)
                0x000000000000551e                _OffsetAbsSyms
 .text.z_device_state_init
                0x0000000000005520        0x2 C:\Users\alber\MicroC\Atv7-SemaforoVeiculosPed\sem-foros-de-pedestres-e-ve-culos-cet\.pio\build\frdm_kl25z\zephyr/kernel/libkernel.a(device.c.o)
                0x0000000000005520                z_device_state_init
 .text.z_impl_device_is_ready
                0x0000000000005522       0x1a C:\Users\alber\MicroC\Atv7-SemaforoVeiculosPed\sem-foros-de-pedestres-e-ve-culos-cet\.pio\build\frdm_kl25z\zephyr/kernel/libkernel.a(device.c.o)
                0x0000000000005522                z_impl_device_is_ready
 .text.arch_system_halt
                0x000000000000553c        0x8 C:\Users\alber\MicroC\Atv7-SemaforoVeiculosPed\sem-foros-de-pedestres-e-ve-culos-cet\.pio\build\frdm_kl25z\zephyr/kernel/libkernel.a(fatal.c.o)
                0x000000000000553c                arch_system_halt
 .text.do_device_init
                0x0000000000005544       0x30 C:\Users\alber\MicroC\Atv7-SemaforoVeiculosPed\sem-foros-de-pedestres-e-ve-culos-cet\.pio\build\frdm_kl25z\zephyr/kernel/libkernel.a(init.c.o)
 .text.z_early_memset
                0x0000000000005574        0x8 C:\Users\alber\MicroC\Atv7-SemaforoVeiculosPed\sem-foros-de-pedestres-e-ve-culos-cet\.pio\build\frdm_kl25z\zephyr/kernel/libkernel.a(init.c.o)
                0x0000000000005574                z_early_memset
 .text.z_early_memcpy
                0x000000000000557c        0x8 C:\Users\alber\MicroC\Atv7-SemaforoVeiculosPed\sem-foros-de-pedestres-e-ve-culos-cet\.pio\build\frdm_kl25z\zephyr/kernel/libkernel.a(init.c.o)
                0x000000000000557c                z_early_memcpy
 .text.idle     0x0000000000005584        0xe C:\Users\alber\MicroC\Atv7-SemaforoVeiculosPed\sem-foros-de-pedestres-e-ve-culos-cet\.pio\build\frdm_kl25z\zephyr/kernel/libkernel.a(idle.c.o)
                0x0000000000005584                idle
 .text.z_impl_k_sem_init
                0x0000000000005592       0x1a C:\Users\alber\MicroC\Atv7-SemaforoVeiculosPed\sem-foros-de-pedestres-e-ve-culos-cet\.pio\build\frdm_kl25z\zephyr/kernel/libkernel.a(sem.c.o)
                0x0000000000005592                z_impl_k_sem_init
 .text.k_is_in_isr
                0x00000000000055ac        0xc C:\Users\alber\MicroC\Atv7-SemaforoVeiculosPed\sem-foros-de-pedestres-e-ve-culos-cet\.pio\build\frdm_kl25z\zephyr/kernel/libkernel.a(thread.c.o)
                0x00000000000055ac                k_is_in_isr
 .text.z_impl_k_thread_name_set
                0x00000000000055b8        0x6 C:\Users\alber\MicroC\Atv7-SemaforoVeiculosPed\sem-foros-de-pedestres-e-ve-culos-cet\.pio\build\frdm_kl25z\zephyr/kernel/libkernel.a(thread.c.o)
                0x00000000000055b8                z_impl_k_thread_name_set
 .text.k_thread_name_get
                0x00000000000055be        0x4 C:\Users\alber\MicroC\Atv7-SemaforoVeiculosPed\sem-foros-de-pedestres-e-ve-culos-cet\.pio\build\frdm_kl25z\zephyr/kernel/libkernel.a(thread.c.o)
                0x00000000000055be                k_thread_name_get
 .text.sys_dlist_remove
                0x00000000000055c2       0x10 C:\Users\alber\MicroC\Atv7-SemaforoVeiculosPed\sem-foros-de-pedestres-e-ve-culos-cet\.pio\build\frdm_kl25z\zephyr/kernel/libkernel.a(sched.c.o)
 .text.unpend_thread_no_timeout
                0x00000000000055d2       0x16 C:\Users\alber\MicroC\Atv7-SemaforoVeiculosPed\sem-foros-de-pedestres-e-ve-culos-cet\.pio\build\frdm_kl25z\zephyr/kernel/libkernel.a(sched.c.o)
 .text.add_to_waitq_locked
                0x00000000000055e8       0x58 C:\Users\alber\MicroC\Atv7-SemaforoVeiculosPed\sem-foros-de-pedestres-e-ve-culos-cet\.pio\build\frdm_kl25z\zephyr/kernel/libkernel.a(sched.c.o)
 .text.z_ready_thread
                0x0000000000005640       0x18 C:\Users\alber\MicroC\Atv7-SemaforoVeiculosPed\sem-foros-de-pedestres-e-ve-culos-cet\.pio\build\frdm_kl25z\zephyr/kernel/libkernel.a(sched.c.o)
                0x0000000000005640                z_ready_thread
 .text.z_unpend_thread_no_timeout
                0x0000000000005658       0x1e C:\Users\alber\MicroC\Atv7-SemaforoVeiculosPed\sem-foros-de-pedestres-e-ve-culos-cet\.pio\build\frdm_kl25z\zephyr/kernel/libkernel.a(sched.c.o)
                0x0000000000005658                z_unpend_thread_no_timeout
 .text.z_sched_wake_thread
                0x0000000000005676       0x36 C:\Users\alber\MicroC\Atv7-SemaforoVeiculosPed\sem-foros-de-pedestres-e-ve-culos-cet\.pio\build\frdm_kl25z\zephyr/kernel/libkernel.a(sched.c.o)
                0x0000000000005676                z_sched_wake_thread
 .text.z_thread_timeout
                0x00000000000056ac        0xc C:\Users\alber\MicroC\Atv7-SemaforoVeiculosPed\sem-foros-de-pedestres-e-ve-culos-cet\.pio\build\frdm_kl25z\zephyr/kernel/libkernel.a(sched.c.o)
                0x00000000000056ac                z_thread_timeout
 .text.z_unpend1_no_timeout
                0x00000000000056b8       0x2a C:\Users\alber\MicroC\Atv7-SemaforoVeiculosPed\sem-foros-de-pedestres-e-ve-culos-cet\.pio\build\frdm_kl25z\zephyr/kernel/libkernel.a(sched.c.o)
                0x00000000000056b8                z_unpend1_no_timeout
 .text.z_abort_timeout
                0x00000000000056e2       0x4e C:\Users\alber\MicroC\Atv7-SemaforoVeiculosPed\sem-foros-de-pedestres-e-ve-culos-cet\.pio\build\frdm_kl25z\zephyr/kernel/libkernel.a(timeout.c.o)
                0x00000000000056e2                z_abort_timeout
 .text.sys_clock_tick_get_32
                0x0000000000005730        0x8 C:\Users\alber\MicroC\Atv7-SemaforoVeiculosPed\sem-foros-de-pedestres-e-ve-culos-cet\.pio\build\frdm_kl25z\zephyr/kernel/libkernel.a(timeout.c.o)
                0x0000000000005730                sys_clock_tick_get_32
 .text.z_impl_k_uptime_ticks
                0x0000000000005738        0x8 C:\Users\alber\MicroC\Atv7-SemaforoVeiculosPed\sem-foros-de-pedestres-e-ve-culos-cet\.pio\build\frdm_kl25z\zephyr/kernel/libkernel.a(timeout.c.o)
                0x0000000000005738                z_impl_k_uptime_ticks
 .text.k_timer_init
                0x0000000000005740       0x18 C:\Users\alber\MicroC\Atv7-SemaforoVeiculosPed\sem-foros-de-pedestres-e-ve-culos-cet\.pio\build\frdm_kl25z\zephyr/kernel/libkernel.a(timer.c.o)
                0x0000000000005740                k_timer_init
 .text.z_impl_k_timer_stop
                0x0000000000005758       0x32 C:\Users\alber\MicroC\Atv7-SemaforoVeiculosPed\sem-foros-de-pedestres-e-ve-culos-cet\.pio\build\frdm_kl25z\zephyr/kernel/libkernel.a(timer.c.o)
                0x0000000000005758                z_impl_k_timer_stop
 .text.z_impl_atomic_add
                0x000000000000578a       0x1a C:\Users\alber\MicroC\Atv7-SemaforoVeiculosPed\sem-foros-de-pedestres-e-ve-culos-cet\.pio\build\frdm_kl25z\zephyr/kernel/libkernel.a(atomic_c.c.o)
                0x000000000000578a                z_impl_atomic_add
 .text.z_impl_atomic_sub
                0x00000000000057a4       0x1a C:\Users\alber\MicroC\Atv7-SemaforoVeiculosPed\sem-foros-de-pedestres-e-ve-culos-cet\.pio\build\frdm_kl25z\zephyr/kernel/libkernel.a(atomic_c.c.o)
                0x00000000000057a4                z_impl_atomic_sub
 .text.atomic_get
                0x00000000000057be        0x4 C:\Users\alber\MicroC\Atv7-SemaforoVeiculosPed\sem-foros-de-pedestres-e-ve-culos-cet\.pio\build\frdm_kl25z\zephyr/kernel/libkernel.a(atomic_c.c.o)
                0x00000000000057be                atomic_get
 .text.z_impl_atomic_set
                0x00000000000057c2       0x18 C:\Users\alber\MicroC\Atv7-SemaforoVeiculosPed\sem-foros-de-pedestres-e-ve-culos-cet\.pio\build\frdm_kl25z\zephyr/kernel/libkernel.a(atomic_c.c.o)
                0x00000000000057c2                z_impl_atomic_set
 .text.memcpy   0x00000000000057da       0x12 C:\Users\alber\MicroC\Atv7-SemaforoVeiculosPed\sem-foros-de-pedestres-e-ve-culos-cet\.pio\build\frdm_kl25z\modules\picolibc\libc.a(memcpy.c.o)
                0x00000000000057da                __aeabi_memcpy
                0x00000000000057da                __aeabi_memcpy4
                0x00000000000057da                __aeabi_memcpy8
                0x00000000000057da                memcpy
 .text.memset   0x00000000000057ec       0x10 C:\Users\alber\MicroC\Atv7-SemaforoVeiculosPed\sem-foros-de-pedestres-e-ve-culos-cet\.pio\build\frdm_kl25z\modules\picolibc\libc.a(memset.c.o)
                0x00000000000057ec                memset
 .text.strnlen  0x00000000000057fc       0x16 C:\Users\alber\MicroC\Atv7-SemaforoVeiculosPed\sem-foros-de-pedestres-e-ve-culos-cet\.pio\build\frdm_kl25z\modules\picolibc\libc.a(strnlen.c.o)
                0x00000000000057fc                strnlen
 .text.__ultoa_invert
                0x0000000000005812      0x120 C:\Users\alber\MicroC\Atv7-SemaforoVeiculosPed\sem-foros-de-pedestres-e-ve-culos-cet\.pio\build\frdm_kl25z\modules\picolibc\libc.a(vflprintf.c.o)
 .text.skip_to_arg
                0x0000000000005932      0x12e C:\Users\alber\MicroC\Atv7-SemaforoVeiculosPed\sem-foros-de-pedestres-e-ve-culos-cet\.pio\build\frdm_kl25z\modules\picolibc\libc.a(vflprintf.c.o)
 .text.__file_str_put
                0x0000000000005a60       0x10 C:\Users\alber\MicroC\Atv7-SemaforoVeiculosPed\sem-foros-de-pedestres-e-ve-culos-cet\.pio\build\frdm_kl25z\modules\picolibc\libc.a(filestrput.c.o)
                0x0000000000005a60                __file_str_put
 *(SORT_BY_ALIGNMENT(.TEXT.*))
 *(SORT_BY_ALIGNMENT(.gnu.linkonce.t.*))
 *(SORT_BY_ALIGNMENT(.glue_7t))
 .glue_7t       0x0000000000005a70        0x0 linker stubs
 *(SORT_BY_ALIGNMENT(.glue_7))
 .glue_7        0x0000000000005a70        0x0 linker stubs
 *(SORT_BY_ALIGNMENT(.vfp11_veneer))
 .vfp11_veneer  0x0000000000005a70        0x0 linker stubs
 *(SORT_BY_ALIGNMENT(.v4_bx))
 .v4_bx         0x0000000000005a70        0x0 linker stubs
                0x0000000000005a70                . = ALIGN (0x4)
                0x0000000000005a70                __text_region_end = .

.ARM.exidx      0x0000000000005a70        0x8
                0x0000000000005a70                __exidx_start = .
 *(SORT_BY_ALIGNMENT(.ARM.exidx*) SORT_BY_ALIGNMENT(gnu.linkonce.armexidx.*))
 .ARM.exidx.text.__udivmoddi4
                0x0000000000005a70        0x8 c:/users/alber/.platformio/packages/toolchain-gccarmnoneeabi/bin/../lib/gcc/arm-none-eabi/8.2.1/thumb/v6-m/nofp\libgcc.a(_udivmoddi4.o)
 .ARM.exidx.text.__divdi3
                0x0000000000005a78        0x0 c:/users/alber/.platformio/packages/toolchain-gccarmnoneeabi/bin/../lib/gcc/arm-none-eabi/8.2.1/thumb/v6-m/nofp\libgcc.a(_divdi3.o)
                                          0x8 (size before relaxing)
                0x0000000000005a78                __exidx_end = .
                0x0000000000005a78                __rodata_region_start = .

initlevel       0x0000000000005a78       0x78
                0x0000000000005a78                __init_start = .
                0x0000000000005a78                __init_EARLY_start = .
 *(SORT_BY_NAME(SORT_BY_ALIGNMENT(.z_init_EARLY_P_?_*)))
 *(SORT_BY_NAME(SORT_BY_ALIGNMENT(.z_init_EARLY_P_??_*)))
 *(SORT_BY_NAME(SORT_BY_ALIGNMENT(.z_init_EARLY_P_???_*)))
                0x0000000000005a78                __init_PRE_KERNEL_1_start = .
 *(SORT_BY_NAME(SORT_BY_ALIGNMENT(.z_init_PRE_KERNEL_1_P_?_*)))
 *(SORT_BY_NAME(SORT_BY_ALIGNMENT(.z_init_PRE_KERNEL_1_P_??_*)))
 .z_init_PRE_KERNEL_1_P_30_SUB_00009_
                0x0000000000005a78        0x8 C:\Users\alber\MicroC\Atv7-SemaforoVeiculosPed\sem-foros-de-pedestres-e-ve-culos-cet\.pio\build\frdm_kl25z\zephyr/drivers/clock_control/libdrivers__clock_control.a(clock_control_mcux_sim.c.o)
 .z_init_PRE_KERNEL_1_P_30_SUB_00043_
                0x0000000000005a80        0x8 C:\Users\alber\MicroC\Atv7-SemaforoVeiculosPed\sem-foros-de-pedestres-e-ve-culos-cet\.pio\build\frdm_kl25z\zephyr/drivers/clock_control/libdrivers__clock_control.a(clock_control_mcux_mcg.c.o)
 .z_init_PRE_KERNEL_1_P_40_SUB_00010_
                0x0000000000005a88        0x8 C:\Users\alber\MicroC\Atv7-SemaforoVeiculosPed\sem-foros-de-pedestres-e-ve-culos-cet\.pio\build\frdm_kl25z\zephyr/drivers/pinctrl/libdrivers__pinctrl.a(pinctrl_nxp_port.c.o)
 .z_init_PRE_KERNEL_1_P_40_SUB_00015_
                0x0000000000005a90        0x8 C:\Users\alber\MicroC\Atv7-SemaforoVeiculosPed\sem-foros-de-pedestres-e-ve-culos-cet\.pio\build\frdm_kl25z\zephyr/drivers/pinctrl/libdrivers__pinctrl.a(pinctrl_nxp_port.c.o)
 .z_init_PRE_KERNEL_1_P_40_SUB_00017_
                0x0000000000005a98        0x8 C:\Users\alber\MicroC\Atv7-SemaforoVeiculosPed\sem-foros-de-pedestres-e-ve-culos-cet\.pio\build\frdm_kl25z\zephyr/drivers/pinctrl/libdrivers__pinctrl.a(pinctrl_nxp_port.c.o)
 .z_init_PRE_KERNEL_1_P_40_SUB_00031_
                0x0000000000005aa0        0x8 C:\Users\alber\MicroC\Atv7-SemaforoVeiculosPed\sem-foros-de-pedestres-e-ve-culos-cet\.pio\build\frdm_kl25z\zephyr/drivers/pinctrl/libdrivers__pinctrl.a(pinctrl_nxp_port.c.o)
 .z_init_PRE_KERNEL_1_P_40_SUB_00033_
                0x0000000000005aa8        0x8 C:\Users\alber\MicroC\Atv7-SemaforoVeiculosPed\sem-foros-de-pedestres-e-ve-culos-cet\.pio\build\frdm_kl25z\zephyr/drivers/pinctrl/libdrivers__pinctrl.a(pinctrl_nxp_port.c.o)
 .z_init_PRE_KERNEL_1_P_50_SUB_00037_
                0x0000000000005ab0        0x8 C:\Users\alber\MicroC\Atv7-SemaforoVeiculosPed\sem-foros-de-pedestres-e-ve-culos-cet\.pio\build\frdm_kl25z\zephyr/drivers/serial/libdrivers__serial.a(uart_mcux_lpsci.c.o)
 .z_init_PRE_KERNEL_1_P_60_SUB_0_
                0x0000000000005ab8        0x8 C:\Users\alber\MicroC\Atv7-SemaforoVeiculosPed\sem-foros-de-pedestres-e-ve-culos-cet\.pio\build\frdm_kl25z\zephyr/drivers/console/libdrivers__console.a(uart_console.c.o)
 *(SORT_BY_NAME(SORT_BY_ALIGNMENT(.z_init_PRE_KERNEL_1_P_???_*)))
                0x0000000000005ac0                __init_PRE_KERNEL_2_start = .
 *(SORT_BY_NAME(SORT_BY_ALIGNMENT(.z_init_PRE_KERNEL_2_P_?_*)))
 .z_init_PRE_KERNEL_2_P_0_SUB_0_
                0x0000000000005ac0        0x8 C:\Users\alber\MicroC\Atv7-SemaforoVeiculosPed\sem-foros-de-pedestres-e-ve-culos-cet\.pio\build\frdm_kl25z\zephyr/drivers/timer/libdrivers__timer.a(cortex_m_systick.c.o)
 *(SORT_BY_NAME(SORT_BY_ALIGNMENT(.z_init_PRE_KERNEL_2_P_??_*)))
 *(SORT_BY_NAME(SORT_BY_ALIGNMENT(.z_init_PRE_KERNEL_2_P_???_*)))
                0x0000000000005ac8                __init_POST_KERNEL_start = .
 *(SORT_BY_NAME(SORT_BY_ALIGNMENT(.z_init_POST_KERNEL_P_?_*)))
 .z_init_POST_KERNEL_P_0_SUB_0_
                0x0000000000005ac8        0x8 C:\Users\alber\MicroC\Atv7-SemaforoVeiculosPed\sem-foros-de-pedestres-e-ve-culos-cet\.pio\build\frdm_kl25z\zephyr/libzephyr.a(log_core.c.o)
 *(SORT_BY_NAME(SORT_BY_ALIGNMENT(.z_init_POST_KERNEL_P_??_*)))
 .z_init_POST_KERNEL_P_35_SUB_0_
                0x0000000000005ad0        0x8 C:\Users\alber\MicroC\Atv7-SemaforoVeiculosPed\sem-foros-de-pedestres-e-ve-culos-cet\.pio\build\frdm_kl25z\zephyr/lib/libc/common/liblib__libc__common.a(malloc.c.o)
 .z_init_POST_KERNEL_P_40_SUB_00011_
                0x0000000000005ad8        0x8 C:\Users\alber\MicroC\Atv7-SemaforoVeiculosPed\sem-foros-de-pedestres-e-ve-culos-cet\.pio\build\frdm_kl25z\zephyr/drivers/gpio/libdrivers__gpio.a(gpio_mcux.c.o)
 .z_init_POST_KERNEL_P_40_SUB_00016_
                0x0000000000005ae0        0x8 C:\Users\alber\MicroC\Atv7-SemaforoVeiculosPed\sem-foros-de-pedestres-e-ve-culos-cet\.pio\build\frdm_kl25z\zephyr/drivers/gpio/libdrivers__gpio.a(gpio_mcux.c.o)
 .z_init_POST_KERNEL_P_40_SUB_00018_
                0x0000000000005ae8        0x8 C:\Users\alber\MicroC\Atv7-SemaforoVeiculosPed\sem-foros-de-pedestres-e-ve-culos-cet\.pio\build\frdm_kl25z\zephyr/drivers/gpio/libdrivers__gpio.a(gpio_mcux.c.o)
 *(SORT_BY_NAME(SORT_BY_ALIGNMENT(.z_init_POST_KERNEL_P_???_*)))
                0x0000000000005af0                __init_APPLICATION_start = .
 *(SORT_BY_NAME(SORT_BY_ALIGNMENT(.z_init_APPLICATION_P_?_*)))
 *(SORT_BY_NAME(SORT_BY_ALIGNMENT(.z_init_APPLICATION_P_??_*)))
 *(SORT_BY_NAME(SORT_BY_ALIGNMENT(.z_init_APPLICATION_P_???_*)))
                0x0000000000005af0                __init_SMP_start = .
 *(SORT_BY_NAME(SORT_BY_ALIGNMENT(.z_init_SMP_P_?_*)))
 *(SORT_BY_NAME(SORT_BY_ALIGNMENT(.z_init_SMP_P_??_*)))
 *(SORT_BY_NAME(SORT_BY_ALIGNMENT(.z_init_SMP_P_???_*)))
                0x0000000000005af0                __init_end = .

device_area     0x0000000000005af0      0x160
                0x0000000000005af0                _device_list_start = .
 *(SORT_BY_NAME(SORT_BY_ALIGNMENT(._device.static.*_?_*)))
 *(SORT_BY_NAME(SORT_BY_ALIGNMENT(._device.static.*_??_*)))
 ._device.static.1_30_
                0x0000000000005af0       0x20 C:\Users\alber\MicroC\Atv7-SemaforoVeiculosPed\sem-foros-de-pedestres-e-ve-culos-cet\.pio\build\frdm_kl25z\zephyr/drivers/clock_control/libdrivers__clock_control.a(clock_control_mcux_mcg.c.o)
                0x0000000000005af0                __device_dts_ord_43
 ._device.static.1_30_
                0x0000000000005b10       0x20 C:\Users\alber\MicroC\Atv7-SemaforoVeiculosPed\sem-foros-de-pedestres-e-ve-culos-cet\.pio\build\frdm_kl25z\zephyr/drivers/clock_control/libdrivers__clock_control.a(clock_control_mcux_sim.c.o)
                0x0000000000005b10                __device_dts_ord_9
 ._device.static.1_40_
                0x0000000000005b30       0xa0 C:\Users\alber\MicroC\Atv7-SemaforoVeiculosPed\sem-foros-de-pedestres-e-ve-culos-cet\.pio\build\frdm_kl25z\zephyr/drivers/pinctrl/libdrivers__pinctrl.a(pinctrl_nxp_port.c.o)
                0x0000000000005b30                __device_dts_ord_33
                0x0000000000005b50                __device_dts_ord_17
                0x0000000000005b70                __device_dts_ord_31
                0x0000000000005b90                __device_dts_ord_15
                0x0000000000005bb0                __device_dts_ord_10
 ._device.static.1_50_
                0x0000000000005bd0       0x20 C:\Users\alber\MicroC\Atv7-SemaforoVeiculosPed\sem-foros-de-pedestres-e-ve-culos-cet\.pio\build\frdm_kl25z\zephyr/drivers/serial/libdrivers__serial.a(uart_mcux_lpsci.c.o)
                0x0000000000005bd0                __device_dts_ord_37
 ._device.static.3_40_
                0x0000000000005bf0       0x60 C:\Users\alber\MicroC\Atv7-SemaforoVeiculosPed\sem-foros-de-pedestres-e-ve-culos-cet\.pio\build\frdm_kl25z\zephyr/drivers/gpio/libdrivers__gpio.a(gpio_mcux.c.o)
                0x0000000000005bf0                __device_dts_ord_18
                0x0000000000005c10                __device_dts_ord_16
                0x0000000000005c30                __device_dts_ord_11
 *(SORT_BY_NAME(SORT_BY_ALIGNMENT(._device.static.*_???_*)))
 *(SORT_BY_NAME(SORT_BY_ALIGNMENT(._device.static.*_????_*)))
 *(SORT_BY_NAME(SORT_BY_ALIGNMENT(._device.static.*_?????_*)))
                0x0000000000005c50                _device_list_end = .

sw_isr_table    0x0000000000005c50      0x100
                0x0000000000005c50                . = ALIGN (0x4)
 *(SORT_BY_ALIGNMENT(.gnu.linkonce.sw_isr_table*))
 .gnu.linkonce.sw_isr_table
                0x0000000000005c50      0x100 .pio\build\frdm_kl25z\zephyr_final\zephyr\isr_tables.c.o
                0x0000000000005c50                _sw_isr_table

initlevel_error
                0x0000000000005a78        0x0
 *(SORT_BY_NAME(SORT_BY_ALIGNMENT(.z_init_*)))
                0x0000000000000001                ASSERT ((SIZEOF (initlevel_error) == 0x0), Undefined initialization levels used.)

app_shmem_regions
                0x0000000000005d50        0x0
                0x0000000000005d50                __app_shmem_regions_start = .
 *(SORT_BY_NAME(SORT_BY_ALIGNMENT(.app_regions.*)))
                0x0000000000005d50                __app_shmem_regions_end = .

k_p4wq_initparam_area
                0x0000000000005d50        0x0
                0x0000000000005d50                _k_p4wq_initparam_list_start = .
 *(SORT_BY_NAME(SORT_BY_ALIGNMENT(._k_p4wq_initparam.static.*)))
                0x0000000000005d50                _k_p4wq_initparam_list_end = .

_static_thread_data_area
                0x0000000000005d50        0x0
                0x0000000000005d50                __static_thread_data_list_start = .
 *(SORT_BY_NAME(SORT_BY_ALIGNMENT(.__static_thread_data.static.*)))
                0x0000000000005d50                __static_thread_data_list_end = .

device_deps     0x0000000000005d50        0x0
                0x0000000000005d50                __device_deps_start = .
 *(SORT_BY_NAME(SORT_BY_ALIGNMENT(.__device_deps_pass2*)))
                0x0000000000005d50                __device_deps_end = .

gpio_driver_api_area
                0x0000000000005d50       0x24
                0x0000000000005d50                _gpio_driver_api_list_start = .
 *(SORT_BY_NAME(SORT_BY_ALIGNMENT(._gpio_driver_api.static.*)))
 ._gpio_driver_api.static.gpio_mcux_driver_api_
                0x0000000000005d50       0x24 C:\Users\alber\MicroC\Atv7-SemaforoVeiculosPed\sem-foros-de-pedestres-e-ve-culos-cet\.pio\build\frdm_kl25z\zephyr/drivers/gpio/libdrivers__gpio.a(gpio_mcux.c.o)
                0x0000000000005d74                _gpio_driver_api_list_end = .

shared_irq_driver_api_area
                0x0000000000005d74        0x0
                0x0000000000005d74                _shared_irq_driver_api_list_start = .
 *(SORT_BY_NAME(SORT_BY_ALIGNMENT(._shared_irq_driver_api.static.*)))
                0x0000000000005d74                _shared_irq_driver_api_list_end = .

crypto_driver_api_area
                0x0000000000005d74        0x0
                0x0000000000005d74                _crypto_driver_api_list_start = .
 *(SORT_BY_NAME(SORT_BY_ALIGNMENT(._crypto_driver_api.static.*)))
                0x0000000000005d74                _crypto_driver_api_list_end = .

adc_driver_api_area
                0x0000000000005d74        0x0
                0x0000000000005d74                _adc_driver_api_list_start = .
 *(SORT_BY_NAME(SORT_BY_ALIGNMENT(._adc_driver_api.static.*)))
                0x0000000000005d74                _adc_driver_api_list_end = .

auxdisplay_driver_api_area
                0x0000000000005d74        0x0
                0x0000000000005d74                _auxdisplay_driver_api_list_start = .
 *(SORT_BY_NAME(SORT_BY_ALIGNMENT(._auxdisplay_driver_api.static.*)))
                0x0000000000005d74                _auxdisplay_driver_api_list_end = .

bbram_driver_api_area
                0x0000000000005d74        0x0
                0x0000000000005d74                _bbram_driver_api_list_start = .
 *(SORT_BY_NAME(SORT_BY_ALIGNMENT(._bbram_driver_api.static.*)))
                0x0000000000005d74                _bbram_driver_api_list_end = .

bt_hci_driver_api_area
                0x0000000000005d74        0x0
                0x0000000000005d74                _bt_hci_driver_api_list_start = .
 *(SORT_BY_NAME(SORT_BY_ALIGNMENT(._bt_hci_driver_api.static.*)))
                0x0000000000005d74                _bt_hci_driver_api_list_end = .

can_driver_api_area
                0x0000000000005d74        0x0
                0x0000000000005d74                _can_driver_api_list_start = .
 *(SORT_BY_NAME(SORT_BY_ALIGNMENT(._can_driver_api.static.*)))
                0x0000000000005d74                _can_driver_api_list_end = .

cellular_driver_api_area
                0x0000000000005d74        0x0
                0x0000000000005d74                _cellular_driver_api_list_start = .
 *(SORT_BY_NAME(SORT_BY_ALIGNMENT(._cellular_driver_api.static.*)))
                0x0000000000005d74                _cellular_driver_api_list_end = .

charger_driver_api_area
                0x0000000000005d74        0x0
                0x0000000000005d74                _charger_driver_api_list_start = .
 *(SORT_BY_NAME(SORT_BY_ALIGNMENT(._charger_driver_api.static.*)))
                0x0000000000005d74                _charger_driver_api_list_end = .

clock_control_driver_api_area
                0x0000000000005d74       0x38